L 03/19/2025 - 22:13:06: Start of error session.
L 03/19/2025 - 22:13:06: Info (map "de_dust") (file "addons/amxmodx/logs/error_20250319.log")
L 03/19/2025 - 22:13:06: [MySQL] Invalid database handle: 0
L 03/19/2025 - 22:13:06: [AMXX] Run time error 10 (plugin "test.amxx") (native "SQL_PrepareQuery") - debug not enabled!
L 03/19/2025 - 22:13:06: [AMXX] To enable debug mode, add "debug" after the plugin name in plugins.ini (without quotes).
L 03/19/2025 - 22:13:07: [MySQL] Invalid database handle: 0
L 03/19/2025 - 22:13:07: [AMXX] Run time error 10 (plugin "test.amxx") (native "SQL_PrepareQuery") - debug not enabled!
L 03/19/2025 - 22:13:07: [AMXX] To enable debug mode, add "debug" after the plugin name in plugins.ini (without quotes).
L 03/19/2025 - 22:13:08: [MySQL] Invalid database handle: 0
L 03/19/2025 - 22:13:08: [AMXX] Run time error 10 (plugin "test.amxx") (native "SQL_PrepareQuery") - debug not enabled!
L 03/19/2025 - 22:13:08: [AMXX] To enable debug mode, add "debug" after the plugin name in plugins.ini (without quotes).
L 03/19/2025 - 22:13:08: [MySQL] Invalid database handle: 0
L 03/19/2025 - 22:13:08: [AMXX] Run time error 10 (plugin "test.amxx") (native "SQL_PrepareQuery") - debug not enabled!
L 03/19/2025 - 22:13:08: [AMXX] To enable debug mode, add "debug" after the plugin name in plugins.ini (without quotes).
L 03/19/2025 - 22:13:08: [MySQL] Invalid database handle: 0
L 03/19/2025 - 22:13:08: [AMXX] Run time error 10 (plugin "test.amxx") (native "SQL_PrepareQuery") - debug not enabled!
L 03/19/2025 - 22:13:08: [AMXX] To enable debug mode, add "debug" after the plugin name in plugins.ini (without quotes).
L 03/19/2025 - 22:13:09: [MySQL] Invalid database handle: 0
L 03/19/2025 - 22:13:09: [AMXX] Run time error 10 (plugin "test.amxx") (native "SQL_PrepareQuery") - debug not enabled!
L 03/19/2025 - 22:13:09: [AMXX] To enable debug mode, add "debug" after the plugin name in plugins.ini (without quotes).
L 03/19/2025 - 22:13:09: [MySQL] Invalid database handle: 0
L 03/19/2025 - 22:13:09: [AMXX] Run time error 10 (plugin "test.amxx") (native "SQL_PrepareQuery") - debug not enabled!
L 03/19/2025 - 22:13:09: [AMXX] To enable debug mode, add "debug" after the plugin name in plugins.ini (without quotes).
L 03/19/2025 - 22:13:09: [MySQL] Invalid database handle: 0
L 03/19/2025 - 22:13:09: [AMXX] Run time error 10 (plugin "test.amxx") (native "SQL_PrepareQuery") - debug not enabled!
L 03/19/2025 - 22:13:09: [AMXX] To enable debug mode, add "debug" after the plugin name in plugins.ini (without quotes).
L 03/19/2025 - 22:13:10: [MySQL] Invalid database handle: 0
L 03/19/2025 - 22:13:10: [AMXX] Run time error 10 (plugin "test.amxx") (native "SQL_PrepareQuery") - debug not enabled!
L 03/19/2025 - 22:13:10: [AMXX] To enable debug mode, add "debug" after the plugin name in plugins.ini (without quotes).
L 03/19/2025 - 22:13:10: [MySQL] Invalid database handle: 0
L 03/19/2025 - 22:13:10: [AMXX] Run time error 10 (plugin "test.amxx") (native "SQL_PrepareQuery") - debug not enabled!
L 03/19/2025 - 22:13:10: [AMXX] To enable debug mode, add "debug" after the plugin name in plugins.ini (without quotes).
L 03/19/2025 - 22:13:10: [MySQL] Invalid database handle: 0
L 03/19/2025 - 22:13:10: [AMXX] Run time error 10 (plugin "test.amxx") (native "SQL_PrepareQuery") - debug not enabled!
L 03/19/2025 - 22:13:10: [AMXX] To enable debug mode, add "debug" after the plugin name in plugins.ini (without quotes).
L 03/19/2025 - 22:13:10: [MySQL] Invalid database handle: 0
L 03/19/2025 - 22:13:10: [AMXX] Run time error 10 (plugin "test.amxx") (native "SQL_PrepareQuery") - debug not enabled!
L 03/19/2025 - 22:13:10: [AMXX] To enable debug mode, add "debug" after the plugin name in plugins.ini (without quotes).
L 03/19/2025 - 22:13:11: [MySQL] Invalid database handle: 0
L 03/19/2025 - 22:13:11: [AMXX] Run time error 10 (plugin "test.amxx") (native "SQL_PrepareQuery") - debug not enabled!
L 03/19/2025 - 22:13:11: [AMXX] To enable debug mode, add "debug" after the plugin name in plugins.ini (without quotes).
L 03/19/2025 - 22:13:11: [MySQL] Invalid database handle: 0
L 03/19/2025 - 22:13:11: [AMXX] Run time error 10 (plugin "test.amxx") (native "SQL_PrepareQuery") - debug not enabled!
L 03/19/2025 - 22:13:11: [AMXX] To enable debug mode, add "debug" after the plugin name in plugins.ini (without quotes).
L 03/19/2025 - 22:13:11: [MySQL] Invalid database handle: 0
L 03/19/2025 - 22:13:11: [AMXX] Run time error 10 (plugin "test.amxx") (native "SQL_PrepareQuery") - debug not enabled!
L 03/19/2025 - 22:13:11: [AMXX] To enable debug mode, add "debug" after the plugin name in plugins.ini (without quotes).
L 03/19/2025 - 22:13:12: [MySQL] Invalid database handle: 0
L 03/19/2025 - 22:13:12: [AMXX] Run time error 10 (plugin "test.amxx") (native "SQL_PrepareQuery") - debug not enabled!
L 03/19/2025 - 22:13:12: [AMXX] To enable debug mode, add "debug" after the plugin name in plugins.ini (without quotes).
L 03/19/2025 - 22:13:12: [MySQL] Invalid database handle: 0
L 03/19/2025 - 22:13:12: [AMXX] Run time error 10 (plugin "test.amxx") (native "SQL_PrepareQuery") - debug not enabled!
L 03/19/2025 - 22:13:12: [AMXX] To enable debug mode, add "debug" after the plugin name in plugins.ini (without quotes).
L 03/19/2025 - 22:13:12: [MySQL] Invalid database handle: 0
L 03/19/2025 - 22:13:12: [AMXX] Run time error 10 (plugin "test.amxx") (native "SQL_PrepareQuery") - debug not enabled!
L 03/19/2025 - 22:13:12: [AMXX] To enable debug mode, add "debug" after the plugin name in plugins.ini (without quotes).
L 03/19/2025 - 22:13:13: [MySQL] Invalid database handle: 0
L 03/19/2025 - 22:13:13: [AMXX] Run time error 10 (plugin "test.amxx") (native "SQL_PrepareQuery") - debug not enabled!
L 03/19/2025 - 22:13:13: [AMXX] To enable debug mode, add "debug" after the plugin name in plugins.ini (without quotes).
L 03/19/2025 - 22:13:13: [MySQL] Invalid database handle: 0
L 03/19/2025 - 22:13:13: [AMXX] Run time error 10 (plugin "test.amxx") (native "SQL_PrepareQuery") - debug not enabled!
L 03/19/2025 - 22:13:13: [AMXX] To enable debug mode, add "debug" after the plugin name in plugins.ini (without quotes).
L 03/19/2025 - 22:13:13: [MySQL] Invalid database handle: 0
L 03/19/2025 - 22:13:13: [AMXX] Run time error 10 (plugin "test.amxx") (native "SQL_PrepareQuery") - debug not enabled!
L 03/19/2025 - 22:13:13: [AMXX] To enable debug mode, add "debug" after the plugin name in plugins.ini (without quotes).
L 03/19/2025 - 22:13:13: [MySQL] Invalid database handle: 0
L 03/19/2025 - 22:13:13: [AMXX] Run time error 10 (plugin "test.amxx") (native "SQL_PrepareQuery") - debug not enabled!
L 03/19/2025 - 22:13:13: [AMXX] To enable debug mode, add "debug" after the plugin name in plugins.ini (without quotes).
L 03/19/2025 - 22:13:14: [MySQL] Invalid database handle: 0
L 03/19/2025 - 22:13:14: [AMXX] Run time error 10 (plugin "test.amxx") (native "SQL_PrepareQuery") - debug not enabled!
L 03/19/2025 - 22:13:14: [AMXX] To enable debug mode, add "debug" after the plugin name in plugins.ini (without quotes).
L 03/19/2025 - 22:13:14: [MySQL] Invalid database handle: 0
L 03/19/2025 - 22:13:14: [AMXX] Run time error 10 (plugin "test.amxx") (native "SQL_PrepareQuery") - debug not enabled!
L 03/19/2025 - 22:13:14: [AMXX] To enable debug mode, add "debug" after the plugin name in plugins.ini (without quotes).
L 03/19/2025 - 22:13:14: [MySQL] Invalid database handle: 0
L 03/19/2025 - 22:13:14: [AMXX] Run time error 10 (plugin "test.amxx") (native "SQL_PrepareQuery") - debug not enabled!
L 03/19/2025 - 22:13:14: [AMXX] To enable debug mode, add "debug" after the plugin name in plugins.ini (without quotes).
L 03/19/2025 - 22:13:15: [MySQL] Invalid database handle: 0
L 03/19/2025 - 22:13:15: [AMXX] Run time error 10 (plugin "test.amxx") (native "SQL_PrepareQuery") - debug not enabled!
L 03/19/2025 - 22:13:15: [AMXX] To enable debug mode, add "debug" after the plugin name in plugins.ini (without quotes).
L 03/19/2025 - 22:13:15: [MySQL] Invalid database handle: 0
L 03/19/2025 - 22:13:15: [AMXX] Run time error 10 (plugin "test.amxx") (native "SQL_PrepareQuery") - debug not enabled!
L 03/19/2025 - 22:13:15: [AMXX] To enable debug mode, add "debug" after the plugin name in plugins.ini (without quotes).
L 03/19/2025 - 22:13:15: [MySQL] Invalid database handle: 0
L 03/19/2025 - 22:13:15: [AMXX] Run time error 10 (plugin "test.amxx") (native "SQL_PrepareQuery") - debug not enabled!
L 03/19/2025 - 22:13:15: [AMXX] To enable debug mode, add "debug" after the plugin name in plugins.ini (without quotes).
L 03/19/2025 - 22:13:16: [MySQL] Invalid database handle: 0
L 03/19/2025 - 22:13:16: [AMXX] Run time error 10 (plugin "test.amxx") (native "SQL_PrepareQuery") - debug not enabled!
L 03/19/2025 - 22:13:16: [AMXX] To enable debug mode, add "debug" after the plugin name in plugins.ini (without quotes).
L 03/19/2025 - 22:13:16: [MySQL] Invalid database handle: 0
L 03/19/2025 - 22:13:16: [AMXX] Run time error 10 (plugin "test.amxx") (native "SQL_PrepareQuery") - debug not enabled!
L 03/19/2025 - 22:13:16: [AMXX] To enable debug mode, add "debug" after the plugin name in plugins.ini (without quotes).
L 03/19/2025 - 22:13:16: [MySQL] Invalid database handle: 0
L 03/19/2025 - 22:13:16: [AMXX] Run time error 10 (plugin "test.amxx") (native "SQL_PrepareQuery") - debug not enabled!
L 03/19/2025 - 22:13:16: [AMXX] To enable debug mode, add "debug" after the plugin name in plugins.ini (without quotes).
L 03/19/2025 - 22:13:16: [MySQL] Invalid database handle: 0
L 03/19/2025 - 22:13:16: [AMXX] Run time error 10 (plugin "test.amxx") (native "SQL_PrepareQuery") - debug not enabled!
L 03/19/2025 - 22:13:16: [AMXX] To enable debug mode, add "debug" after the plugin name in plugins.ini (without quotes).
L 03/19/2025 - 22:13:17: [MySQL] Invalid database handle: 0
L 03/19/2025 - 22:13:17: [AMXX] Run time error 10 (plugin "test.amxx") (native "SQL_PrepareQuery") - debug not enabled!
L 03/19/2025 - 22:13:17: [AMXX] To enable debug mode, add "debug" after the plugin name in plugins.ini (without quotes).
L 03/19/2025 - 22:13:17: [MySQL] Invalid database handle: 0
L 03/19/2025 - 22:13:17: [AMXX] Run time error 10 (plugin "test.amxx") (native "SQL_PrepareQuery") - debug not enabled!
L 03/19/2025 - 22:13:17: [AMXX] To enable debug mode, add "debug" after the plugin name in plugins.ini (without quotes).
L 03/19/2025 - 22:13:17: [MySQL] Invalid database handle: 0
L 03/19/2025 - 22:13:17: [AMXX] Run time error 10 (plugin "test.amxx") (native "SQL_PrepareQuery") - debug not enabled!
L 03/19/2025 - 22:13:17: [AMXX] To enable debug mode, add "debug" after the plugin name in plugins.ini (without quotes).
L 03/19/2025 - 22:13:18: [MySQL] Invalid database handle: 0
L 03/19/2025 - 22:13:18: [AMXX] Run time error 10 (plugin "test.amxx") (native "SQL_PrepareQuery") - debug not enabled!
L 03/19/2025 - 22:13:18: [AMXX] To enable debug mode, add "debug" after the plugin name in plugins.ini (without quotes).
L 03/19/2025 - 22:13:18: [MySQL] Invalid database handle: 0
L 03/19/2025 - 22:13:18: [AMXX] Run time error 10 (plugin "test.amxx") (native "SQL_PrepareQuery") - debug not enabled!
L 03/19/2025 - 22:13:18: [AMXX] To enable debug mode, add "debug" after the plugin name in plugins.ini (without quotes).
L 03/19/2025 - 22:13:18: [MySQL] Invalid database handle: 0
L 03/19/2025 - 22:13:18: [AMXX] Run time error 10 (plugin "test.amxx") (native "SQL_PrepareQuery") - debug not enabled!
L 03/19/2025 - 22:13:18: [AMXX] To enable debug mode, add "debug" after the plugin name in plugins.ini (without quotes).
L 03/19/2025 - 22:13:19: [MySQL] Invalid database handle: 0
L 03/19/2025 - 22:13:19: [AMXX] Run time error 10 (plugin "test.amxx") (native "SQL_PrepareQuery") - debug not enabled!
L 03/19/2025 - 22:13:19: [AMXX] To enable debug mode, add "debug" after the plugin name in plugins.ini (without quotes).
L 03/19/2025 - 22:13:19: [MySQL] Invalid database handle: 0
L 03/19/2025 - 22:13:19: [AMXX] Run time error 10 (plugin "test.amxx") (native "SQL_PrepareQuery") - debug not enabled!
L 03/19/2025 - 22:13:19: [AMXX] To enable debug mode, add "debug" after the plugin name in plugins.ini (without quotes).
L 03/19/2025 - 22:13:19: [MySQL] Invalid database handle: 0
L 03/19/2025 - 22:13:19: [AMXX] Run time error 10 (plugin "test.amxx") (native "SQL_PrepareQuery") - debug not enabled!
L 03/19/2025 - 22:13:19: [AMXX] To enable debug mode, add "debug" after the plugin name in plugins.ini (without quotes).
L 03/19/2025 - 22:13:19: [MySQL] Invalid database handle: 0
L 03/19/2025 - 22:13:19: [AMXX] Run time error 10 (plugin "test.amxx") (native "SQL_PrepareQuery") - debug not enabled!
L 03/19/2025 - 22:13:19: [AMXX] To enable debug mode, add "debug" after the plugin name in plugins.ini (without quotes).
L 03/19/2025 - 22:13:20: [MySQL] Invalid database handle: 0
L 03/19/2025 - 22:13:20: [AMXX] Run time error 10 (plugin "test.amxx") (native "SQL_PrepareQuery") - debug not enabled!
L 03/19/2025 - 22:13:20: [AMXX] To enable debug mode, add "debug" after the plugin name in plugins.ini (without quotes).
L 03/19/2025 - 22:13:20: [MySQL] Invalid database handle: 0
L 03/19/2025 - 22:13:20: [AMXX] Run time error 10 (plugin "test.amxx") (native "SQL_PrepareQuery") - debug not enabled!
L 03/19/2025 - 22:13:20: [AMXX] To enable debug mode, add "debug" after the plugin name in plugins.ini (without quotes).
L 03/19/2025 - 22:13:20: [MySQL] Invalid database handle: 0
L 03/19/2025 - 22:13:20: [AMXX] Run time error 10 (plugin "test.amxx") (native "SQL_PrepareQuery") - debug not enabled!
L 03/19/2025 - 22:13:20: [AMXX] To enable debug mode, add "debug" after the plugin name in plugins.ini (without quotes).
L 03/19/2025 - 22:13:21: [MySQL] Invalid database handle: 0
L 03/19/2025 - 22:13:21: [AMXX] Run time error 10 (plugin "test.amxx") (native "SQL_PrepareQuery") - debug not enabled!
L 03/19/2025 - 22:13:21: [AMXX] To enable debug mode, add "debug" after the plugin name in plugins.ini (without quotes).
L 03/19/2025 - 22:13:21: [MySQL] Invalid database handle: 0
L 03/19/2025 - 22:13:21: [AMXX] Run time error 10 (plugin "test.amxx") (native "SQL_PrepareQuery") - debug not enabled!
L 03/19/2025 - 22:13:21: [AMXX] To enable debug mode, add "debug" after the plugin name in plugins.ini (without quotes).
L 03/19/2025 - 22:13:21: [MySQL] Invalid database handle: 0
L 03/19/2025 - 22:13:21: [AMXX] Run time error 10 (plugin "test.amxx") (native "SQL_PrepareQuery") - debug not enabled!
L 03/19/2025 - 22:13:21: [AMXX] To enable debug mode, add "debug" after the plugin name in plugins.ini (without quotes).
L 03/19/2025 - 22:13:22: [MySQL] Invalid database handle: 0
L 03/19/2025 - 22:13:22: [AMXX] Run time error 10 (plugin "test.amxx") (native "SQL_PrepareQuery") - debug not enabled!
L 03/19/2025 - 22:13:22: [AMXX] To enable debug mode, add "debug" after the plugin name in plugins.ini (without quotes).
L 03/19/2025 - 22:13:22: [MySQL] Invalid database handle: 0
