L 03/31/2025 - 21:17:26: Start of error session.
L 03/31/2025 - 21:17:26: Info (map "de_dust") (file "addons/amxmodx/logs/error_20250331.log")
L 03/31/2025 - 21:17:26: [AMXX] Run time error 4 (plugin "zp50_gamemodes.amxx") - debug not enabled!
L 03/31/2025 - 21:17:26: [AMXX] To enable debug mode, add "debug" after the plugin name in plugins.ini (without quotes).
L 03/31/2025 - 21:17:55: Start of error session.
L 03/31/2025 - 21:17:55: Info (map "de_dust") (file "addons/amxmodx/logs/error_20250331.log")
L 03/31/2025 - 21:17:55: [AMXX] Run time error 4 (plugin "zp50_gamemodes.amxx") - debug not enabled!
L 03/31/2025 - 21:17:55: [AMXX] To enable debug mode, add "debug" after the plugin name in plugins.ini (without quotes).
L 03/31/2025 - 21:18:25: [AMXX] Run time error 4 (plugin "zp50_gamemodes.amxx") - debug not enabled!
L 03/31/2025 - 21:18:25: [AMXX] To enable debug mode, add "debug" after the plugin name in plugins.ini (without quotes).
L 03/31/2025 - 21:19:26: Start of error session.
L 03/31/2025 - 21:19:26: Info (map "de_dust") (file "addons/amxmodx/logs/error_20250331.log")
L 03/31/2025 - 21:19:26: [AMXX] Run time error 4 (plugin "zp50_gamemodes.amxx") - debug not enabled!
L 03/31/2025 - 21:19:26: [AMXX] To enable debug mode, add "debug" after the plugin name in plugins.ini (without quotes).
L 03/31/2025 - 21:32:16: Start of error session.
L 03/31/2025 - 21:32:16: Info (map "de_dust") (file "addons/amxmodx/logs/error_20250331.log")
L 03/31/2025 - 21:32:16: [AMXX] Run time error 4 (plugin "zp50_gamemodes.amxx") - debug not enabled!
L 03/31/2025 - 21:32:16: [AMXX] To enable debug mode, add "debug" after the plugin name in plugins.ini (without quotes).
L 03/31/2025 - 21:33:20: [AMXX] Run time error 4 (plugin "zp50_gamemodes.amxx") - debug not enabled!
L 03/31/2025 - 21:33:20: [AMXX] To enable debug mode, add "debug" after the plugin name in plugins.ini (without quotes).
L 03/31/2025 - 21:33:47: Start of error session.
L 03/31/2025 - 21:33:47: Info (map "de_dust") (file "addons/amxmodx/logs/error_20250331.log")
L 03/31/2025 - 21:33:47: [AMXX] Run time error 4 (plugin "zp50_gamemodes.amxx") - debug not enabled!
L 03/31/2025 - 21:33:47: [AMXX] To enable debug mode, add "debug" after the plugin name in plugins.ini (without quotes).
L 03/31/2025 - 21:35:52: Start of error session.
L 03/31/2025 - 21:35:52: Info (map "de_dust") (file "addons/amxmodx/logs/error_20250331.log")
L 03/31/2025 - 21:35:52: [AMXX] Run time error 4 (plugin "zp50_gamemodes.amxx") - debug not enabled!
L 03/31/2025 - 21:35:52: [AMXX] To enable debug mode, add "debug" after the plugin name in plugins.ini (without quotes).
L 03/31/2025 - 21:36:37: Start of error session.
L 03/31/2025 - 21:36:37: Info (map "de_dust") (file "addons/amxmodx/logs/error_20250331.log")
L 03/31/2025 - 21:36:37: [AMXX] Run time error 4 (plugin "zp50_gamemodes.amxx") - debug not enabled!
L 03/31/2025 - 21:36:37: [AMXX] To enable debug mode, add "debug" after the plugin name in plugins.ini (without quotes).
L 03/31/2025 - 21:37:20: Start of error session.
L 03/31/2025 - 21:37:20: Info (map "de_dust") (file "addons/amxmodx/logs/error_20250331.log")
L 03/31/2025 - 21:37:20: [AMXX] Run time error 4 (plugin "zp50_gamemodes.amxx") - debug not enabled!
L 03/31/2025 - 21:37:20: [AMXX] To enable debug mode, add "debug" after the plugin name in plugins.ini (without quotes).
L 03/31/2025 - 21:39:15: Start of error session.
L 03/31/2025 - 21:39:15: Info (map "de_dust") (file "addons/amxmodx/logs/error_20250331.log")
L 03/31/2025 - 21:39:15: [AMXX] Run time error 4 (plugin "zp50_gamemodes.amxx") - debug not enabled!
L 03/31/2025 - 21:39:15: [AMXX] To enable debug mode, add "debug" after the plugin name in plugins.ini (without quotes).
L 03/31/2025 - 21:39:57: Start of error session.
L 03/31/2025 - 21:39:57: Info (map "de_dust") (file "addons/amxmodx/logs/error_20250331.log")
L 03/31/2025 - 21:39:57: [AMXX] Run time error 4 (plugin "zp50_gamemodes.amxx") - debug not enabled!
L 03/31/2025 - 21:42:12: [AMXX] To enable debug mode, add "debug" after the plugin name in plugins.ini (without quotes).
L 03/31/2025 - 21:42:25: Start of error session.
L 03/31/2025 - 21:42:25: Info (map "de_dust") (file "addons/amxmodx/logs/error_20250331.log")
L 03/31/2025 - 21:42:25: [AMXX] Run time error 4 (plugin "zp50_gamemodes.amxx") - debug not enabled!
L 03/31/2025 - 21:42:25: [AMXX] To enable debug mode, add "debug" after the plugin name in plugins.ini (without quotes).
L 03/31/2025 - 21:45:55: Start of error session.
L 03/31/2025 - 21:45:55: Info (map "de_dust") (file "addons/amxmodx/logs/error_20250331.log")
L 03/31/2025 - 21:45:55: [AMXX] Run time error 4 (plugin "zp50_gamemodes.amxx") - debug not enabled!
L 03/31/2025 - 21:45:55: [AMXX] To enable debug mode, add "debug" after the plugin name in plugins.ini (without quotes).
L 03/31/2025 - 21:47:58: Start of error session.
L 03/31/2025 - 21:47:58: Info (map "de_dust") (file "addons/amxmodx/logs/error_20250331.log")
L 03/31/2025 - 21:47:58: [AMXX] Run time error 4 (plugin "zp50_gamemodes.amxx") - debug not enabled!
L 03/31/2025 - 21:47:58: [AMXX] To enable debug mode, add "debug" after the plugin name in plugins.ini (without quotes).
L 03/31/2025 - 21:48:36: Start of error session.
L 03/31/2025 - 21:48:36: Info (map "de_dust") (file "addons/amxmodx/logs/error_20250331.log")
L 03/31/2025 - 21:48:36: [AMXX] Run time error 4 (plugin "zp50_gamemodes.amxx") - debug not enabled!
L 03/31/2025 - 21:48:36: [AMXX] To enable debug mode, add "debug" after the plugin name in plugins.ini (without quotes).
L 03/31/2025 - 21:49:03: [AMXX] Run time error 4 (plugin "zp50_gamemodes.amxx") - debug not enabled!
L 03/31/2025 - 21:49:03: [AMXX] To enable debug mode, add "debug" after the plugin name in plugins.ini (without quotes).
L 03/31/2025 - 21:49:32: [AMXX] Run time error 4 (plugin "zp50_gamemodes.amxx") - debug not enabled!
L 03/31/2025 - 21:49:32: [AMXX] To enable debug mode, add "debug" after the plugin name in plugins.ini (without quotes).
L 03/31/2025 - 21:50:21: Start of error session.
L 03/31/2025 - 21:50:21: Info (map "de_dust") (file "addons/amxmodx/logs/error_20250331.log")
L 03/31/2025 - 21:50:21: [AMXX] Run time error 4 (plugin "zp50_gamemodes.amxx") - debug not enabled!
L 03/31/2025 - 21:50:21: [AMXX] To enable debug mode, add "debug" after the plugin name in plugins.ini (without quotes).
L 03/31/2025 - 21:52:34: Start of error session.
L 03/31/2025 - 21:52:34: Info (map "de_dust") (file "addons/amxmodx/logs/error_20250331.log")
L 03/31/2025 - 21:52:34: [AMXX] Run time error 4 (plugin "zp50_gamemodes.amxx") - debug not enabled!
L 03/31/2025 - 21:52:34: [AMXX] To enable debug mode, add "debug" after the plugin name in plugins.ini (without quotes).
L 03/31/2025 - 21:53:25: Start of error session.
L 03/31/2025 - 21:53:25: Info (map "de_dust") (file "addons/amxmodx/logs/error_20250331.log")
L 03/31/2025 - 21:53:25: [AMXX] Run time error 4 (plugin "zp50_gamemodes.amxx") - debug not enabled!
L 03/31/2025 - 21:53:25: [AMXX] To enable debug mode, add "debug" after the plugin name in plugins.ini (without quotes).
L 03/31/2025 - 21:55:07: [AMXX] Run time error 4 (plugin "zp50_gamemodes.amxx") - debug not enabled!
L 03/31/2025 - 21:55:07: [AMXX] To enable debug mode, add "debug" after the plugin name in plugins.ini (without quotes).
L 03/31/2025 - 21:55:49: Start of error session.
L 03/31/2025 - 21:55:49: Info (map "de_dust") (file "addons/amxmodx/logs/error_20250331.log")
L 03/31/2025 - 21:55:49: [AMXX] Run time error 4 (plugin "zp50_gamemodes.amxx") - debug not enabled!
L 03/31/2025 - 21:55:49: [AMXX] To enable debug mode, add "debug" after the plugin name in plugins.ini (without quotes).
L 03/31/2025 - 22:01:00: [AMXX] Run time error 4 (plugin "zp50_gamemodes.amxx") - debug not enabled!
L 03/31/2025 - 22:01:00: [AMXX] To enable debug mode, add "debug" after the plugin name in plugins.ini (without quotes).
L 03/31/2025 - 22:24:06: Start of error session.
L 03/31/2025 - 22:24:06: Info (map "de_dust") (file "addons/amxmodx/logs/error_20250331.log")
L 03/31/2025 - 22:24:06: Precaching not allowed
L 03/31/2025 - 22:24:06: [AMXX] Run time error 10 (plugin "spawnEntTest.amxx") (native "precache_model") - debug not enabled!
L 03/31/2025 - 22:24:06: [AMXX] To enable debug mode, add "debug" after the plugin name in plugins.ini (without quotes).
L 03/31/2025 - 22:24:30: [AMXX] Run time error 4 (plugin "zp50_gamemodes.amxx") - debug not enabled!
L 03/31/2025 - 22:24:30: [AMXX] To enable debug mode, add "debug" after the plugin name in plugins.ini (without quotes).
L 03/31/2025 - 22:25:54: Start of error session.
L 03/31/2025 - 22:25:54: Info (map "de_dust") (file "addons/amxmodx/logs/error_20250331.log")
L 03/31/2025 - 22:25:54: Precaching not allowed
L 03/31/2025 - 22:25:54: [AMXX] Run time error 10 (plugin "spawnEntTest.amxx") (native "precache_model") - debug not enabled!
L 03/31/2025 - 22:25:54: [AMXX] To enable debug mode, add "debug" after the plugin name in plugins.ini (without quotes).
L 03/31/2025 - 22:26:22: [AMXX] Run time error 4 (plugin "zp50_gamemodes.amxx") - debug not enabled!
L 03/31/2025 - 22:26:22: [AMXX] To enable debug mode, add "debug" after the plugin name in plugins.ini (without quotes).
L 03/31/2025 - 22:26:44: Start of error session.
L 03/31/2025 - 22:26:44: Info (map "de_dust") (file "addons/amxmodx/logs/error_20250331.log")
L 03/31/2025 - 22:26:44: Precaching not allowed
L 03/31/2025 - 22:26:44: [AMXX] Run time error 10 (plugin "spawnEntTest.amxx") (native "precache_model") - debug not enabled!
L 03/31/2025 - 22:26:44: [AMXX] To enable debug mode, add "debug" after the plugin name in plugins.ini (without quotes).
L 03/31/2025 - 22:27:08: [AMXX] Displaying debug trace (plugin "zp50_gamemodes.amxx", version "5.0.5")
L 03/31/2025 - 22:27:08: [AMXX] Run time error 4: index out of bounds 
L 03/31/2025 - 22:27:08: [AMXX]    [0] zp50_gamemodes.sma::countDown (line 364)
L 03/31/2025 - 22:27:59: Start of error session.
L 03/31/2025 - 22:27:59: Info (map "de_dust") (file "addons/amxmodx/logs/error_20250331.log")
L 03/31/2025 - 22:27:59: Precaching not allowed
L 03/31/2025 - 22:27:59: [AMXX] Run time error 10 (plugin "spawnEntTest.amxx") (native "precache_model") - debug not enabled!
L 03/31/2025 - 22:27:59: [AMXX] To enable debug mode, add "debug" after the plugin name in plugins.ini (without quotes).
L 03/31/2025 - 22:32:04: Start of error session.
L 03/31/2025 - 22:32:04: Info (map "de_dust") (file "addons/amxmodx/logs/error_20250331.log")
L 03/31/2025 - 22:32:04: Precaching not allowed
L 03/31/2025 - 22:32:04: [AMXX] Run time error 10 (plugin "spawnEntTest.amxx") (native "precache_model") - debug not enabled!
L 03/31/2025 - 22:32:04: [AMXX] To enable debug mode, add "debug" after the plugin name in plugins.ini (without quotes).
L 03/31/2025 - 22:33:52: Start of error session.
L 03/31/2025 - 22:33:52: Info (map "de_dust") (file "addons/amxmodx/logs/error_20250331.log")
L 03/31/2025 - 22:33:52: Precaching not allowed
L 03/31/2025 - 22:33:52: [AMXX] Run time error 10 (plugin "spawnEntTest.amxx") (native "precache_model") - debug not enabled!
L 03/31/2025 - 22:33:52: [AMXX] To enable debug mode, add "debug" after the plugin name in plugins.ini (without quotes).
L 03/31/2025 - 22:34:08: Start of error session.
L 03/31/2025 - 22:34:08: Info (map "de_dust") (file "addons/amxmodx/logs/error_20250331.log")
L 03/31/2025 - 22:34:08: Precaching not allowed
L 03/31/2025 - 22:34:08: [AMXX] Run time error 10 (plugin "spawnEntTest.amxx") (native "precache_model") - debug not enabled!
L 03/31/2025 - 22:34:08: [AMXX] To enable debug mode, add "debug" after the plugin name in plugins.ini (without quotes).
L 03/31/2025 - 22:34:47: Start of error session.
L 03/31/2025 - 22:34:47: Info (map "de_dust") (file "addons/amxmodx/logs/error_20250331.log")
L 03/31/2025 - 22:34:47: Precaching not allowed
L 03/31/2025 - 22:34:47: [AMXX] Run time error 10 (plugin "spawnEntTest.amxx") (native "precache_model") - debug not enabled!
L 03/31/2025 - 22:34:47: [AMXX] To enable debug mode, add "debug" after the plugin name in plugins.ini (without quotes).
L 03/31/2025 - 22:35:00: Start of error session.
L 03/31/2025 - 22:35:00: Info (map "de_dust") (file "addons/amxmodx/logs/error_20250331.log")
L 03/31/2025 - 22:35:00: Precaching not allowed
L 03/31/2025 - 22:35:00: [AMXX] Run time error 10 (plugin "spawnEntTest.amxx") (native "precache_model") - debug not enabled!
L 03/31/2025 - 22:35:00: [AMXX] To enable debug mode, add "debug" after the plugin name in plugins.ini (without quotes).
L 03/31/2025 - 22:35:14: Start of error session.
L 03/31/2025 - 22:35:14: Info (map "de_dust") (file "addons/amxmodx/logs/error_20250331.log")
L 03/31/2025 - 22:35:14: Precaching not allowed
L 03/31/2025 - 22:35:14: [AMXX] Run time error 10 (plugin "spawnEntTest.amxx") (native "precache_model") - debug not enabled!
L 03/31/2025 - 22:35:14: [AMXX] To enable debug mode, add "debug" after the plugin name in plugins.ini (without quotes).
L 03/31/2025 - 22:35:29: Start of error session.
L 03/31/2025 - 22:35:29: Info (map "de_dust") (file "addons/amxmodx/logs/error_20250331.log")
L 03/31/2025 - 22:35:29: Precaching not allowed
L 03/31/2025 - 22:35:29: [AMXX] Run time error 10 (plugin "spawnEntTest.amxx") (native "precache_model") - debug not enabled!
L 03/31/2025 - 22:35:29: [AMXX] To enable debug mode, add "debug" after the plugin name in plugins.ini (without quotes).
L 03/31/2025 - 22:35:40: Start of error session.
L 03/31/2025 - 22:35:40: Info (map "de_dust") (file "addons/amxmodx/logs/error_20250331.log")
L 03/31/2025 - 22:35:40: Precaching not allowed
L 03/31/2025 - 22:35:40: [AMXX] Displaying debug trace (plugin "spawnEntTest.amxx", version "1.0")
L 03/31/2025 - 22:35:40: [AMXX] Run time error 10: native error (native "precache_model")
L 03/31/2025 - 22:35:40: [AMXX]    [0] spawnEntTest.sma::plugin_init (line 13)
L 03/31/2025 - 22:36:51: Start of error session.
L 03/31/2025 - 22:36:51: Info (map "de_dust") (file "addons/amxmodx/logs/error_20250331.log")
L 03/31/2025 - 22:36:51: Plugin called message_begin with an invalid message id (0).
L 03/31/2025 - 22:36:51: [AMXX] Displaying debug trace (plugin "spawnEntTest.amxx", version "1.0")
L 03/31/2025 - 22:36:51: [AMXX] Run time error 10: native error (native "message_begin")
L 03/31/2025 - 22:36:51: [AMXX]    [0] spawnEntTest.sma::fw_function (line 34)
L 03/31/2025 - 22:36:51: [AMXX]    [1] spawnEntTest.sma::cmd_spawnbeam (line 28)
L 03/31/2025 - 22:37:18: Start of error session.
L 03/31/2025 - 22:37:18: Info (map "de_dust") (file "addons/amxmodx/logs/error_20250331.log")
L 03/31/2025 - 22:37:18: Plugin called message_begin with an invalid message id (0).
L 03/31/2025 - 22:37:18: [AMXX] Displaying debug trace (plugin "spawnEntTest.amxx", version "1.0")
L 03/31/2025 - 22:37:18: [AMXX] Run time error 10: native error (native "message_begin")
L 03/31/2025 - 22:37:18: [AMXX]    [0] spawnEntTest.sma::fw_function (line 34)
L 03/31/2025 - 22:37:18: [AMXX]    [1] spawnEntTest.sma::cmd_spawnbeam (line 28)
L 03/31/2025 - 22:37:30: Plugin called message_begin with an invalid message id (0).
L 03/31/2025 - 22:37:30: [AMXX] Displaying debug trace (plugin "spawnEntTest.amxx", version "1.0")
L 03/31/2025 - 22:37:30: [AMXX] Run time error 10: native error (native "message_begin")
L 03/31/2025 - 22:37:30: [AMXX]    [0] spawnEntTest.sma::fw_function (line 34)
L 03/31/2025 - 22:37:30: [AMXX]    [1] spawnEntTest.sma::cmd_spawnbeam (line 28)
L 03/31/2025 - 22:38:36: Start of error session.
L 03/31/2025 - 22:38:36: Info (map "de_dust") (file "addons/amxmodx/logs/error_20250331.log")
L 03/31/2025 - 22:38:36: Plugin called message_begin with an invalid message id (0).
L 03/31/2025 - 22:38:36: [AMXX] Displaying debug trace (plugin "spawnEntTest.amxx", version "1.0")
L 03/31/2025 - 22:38:36: [AMXX] Run time error 10: native error (native "message_begin")
L 03/31/2025 - 22:38:36: [AMXX]    [0] spawnEntTest.sma::fw_function (line 34)
L 03/31/2025 - 22:38:36: [AMXX]    [1] spawnEntTest.sma::cmd_spawnbeam (line 28)
L 03/31/2025 - 22:39:44: Start of error session.
L 03/31/2025 - 22:39:44: Info (map "de_dust") (file "addons/amxmodx/logs/error_20250331.log")
L 03/31/2025 - 22:39:44: Plugin called message_begin with an invalid message id (0).
L 03/31/2025 - 22:39:44: [AMXX] Displaying debug trace (plugin "spawnEntTest.amxx", version "1.0")
L 03/31/2025 - 22:39:44: [AMXX] Run time error 10: native error (native "message_begin")
L 03/31/2025 - 22:39:44: [AMXX]    [0] spawnEntTest.sma::fw_function (line 30)
L 03/31/2025 - 22:40:26: Start of error session.
L 03/31/2025 - 22:40:26: Info (map "de_dust") (file "addons/amxmodx/logs/error_20250331.log")
L 03/31/2025 - 22:40:26: Plugin called message_begin with an invalid message id (0).
L 03/31/2025 - 22:40:26: [AMXX] Displaying debug trace (plugin "spawnEntTest.amxx", version "1.0")
L 03/31/2025 - 22:40:26: [AMXX] Run time error 10: native error (native "message_begin")
L 03/31/2025 - 22:40:26: [AMXX]    [0] spawnEntTest.sma::fw_function (line 30)
