L 03/21/2025 - 23:27:10: Start of error session.
L 03/21/2025 - 23:27:10: Info (map "de_dust") (file "addons/amxmodx/logs/error_20250321.log")
L 03/21/2025 - 23:27:10: [AMXX] Plugin ("zombie_plague40.amxx") is setting itself as failed.
L 03/21/2025 - 23:27:10: [AMXX] Plugin says: Cannot load customization file addons/amxmodx/configs/zombieplague.ini!
L 03/21/2025 - 23:27:10: [AMXX] Run time error 1 (plugin "zombie_plague40.amxx") - forced exit
L 03/21/2025 - 23:28:55: Start of error session.
L 03/21/2025 - 23:28:55: Info (map "de_dust") (file "addons/amxmodx/logs/error_20250321.log")
L 03/21/2025 - 23:28:55: [AMXX] Plugin ("zombie_plague40.amxx") is setting itself as failed.
L 03/21/2025 - 23:28:55: [AMXX] Plugin says: Cannot load customization file addons/amxmodx/configs/zombieplague.ini!
L 03/21/2025 - 23:28:55: [AMXX] Run time error 1 (plugin "zombie_plague40.amxx") - forced exit
L 03/21/2025 - 23:29:10: Start of error session.
L 03/21/2025 - 23:29:10: Info (map "de_dust") (file "addons/amxmodx/logs/error_20250321.log")
L 03/21/2025 - 23:29:10: [AMXX] Plugin ("zombie_plague40.amxx") is setting itself as failed.
L 03/21/2025 - 23:29:10: [AMXX] Plugin says: Cannot load customization file addons/amxmodx/configs/zombieplague.ini!
L 03/21/2025 - 23:29:10: [AMXX] Run time error 1 (plugin "zombie_plague40.amxx") - forced exit
L 03/21/2025 - 23:29:43: Start of error session.
L 03/21/2025 - 23:29:43: Info (map "de_dust") (file "addons/amxmodx/logs/error_20250321.log")
L 03/21/2025 - 23:29:43: [AMXX] Plugin ("zombie_plague40.amxx") is setting itself as failed.
L 03/21/2025 - 23:29:43: [AMXX] Plugin says: Cannot load customization file addons/amxmodx/configs/zombieplague.ini!
L 03/21/2025 - 23:29:43: [AMXX] Run time error 1 (plugin "zombie_plague40.amxx") - forced exit
L 03/21/2025 - 23:29:53: Start of error session.
L 03/21/2025 - 23:29:53: Info (map "de_dust") (file "addons/amxmodx/logs/error_20250321.log")
L 03/21/2025 - 23:29:53: [AMXX] Plugin ("zombie_plague40.amxx") is setting itself as failed.
L 03/21/2025 - 23:29:53: [AMXX] Plugin says: Cannot load customization file addons/amxmodx/configs/zombieplague.ini!
L 03/21/2025 - 23:29:53: [AMXX] Run time error 1 (plugin "zombie_plague40.amxx") - forced exit
L 03/21/2025 - 23:31:46: Start of error session.
L 03/21/2025 - 23:31:46: Info (map "de_dust") (file "addons/amxmodx/logs/error_20250321.log")
L 03/21/2025 - 23:31:46: [AMXX] Plugin ("zombie_plague40.amxx") is setting itself as failed.
L 03/21/2025 - 23:31:46: [AMXX] Plugin says: Cannot load customization file addons/amxmodx/configs/zombieplague.ini!
L 03/21/2025 - 23:31:46: [AMXX] Run time error 1 (plugin "zombie_plague40.amxx") - forced exit
L 03/21/2025 - 23:32:34: Start of error session.
L 03/21/2025 - 23:32:34: Info (map "de_dust") (file "addons/amxmodx/logs/error_20250321.log")
L 03/21/2025 - 23:32:34: [AMXX] Plugin ("zombie_plague40.amxx") is setting itself as failed.
L 03/21/2025 - 23:32:34: [AMXX] Plugin says: No zombie classes loaded!
L 03/21/2025 - 23:32:34: [AMXX] Run time error 1 (plugin "zombie_plague40.amxx") - forced exit
L 03/21/2025 - 23:33:13: Start of error session.
L 03/21/2025 - 23:33:13: Info (map "de_dust") (file "addons/amxmodx/logs/error_20250321.log")
L 03/21/2025 - 23:33:13: [AMXX] Plugin ("zombie_plague40.amxx") is setting itself as failed.
L 03/21/2025 - 23:33:13: [AMXX] Plugin says: No zombie classes loaded!
L 03/21/2025 - 23:33:13: [AMXX] Run time error 1 (plugin "zombie_plague40.amxx") - forced exit
L 03/21/2025 - 23:44:23: Start of error session.
L 03/21/2025 - 23:44:23: Info (map "de_dust") (file "addons/amxmodx/logs/error_20250321.log")
L 03/21/2025 - 23:44:23: [AMXX] Plugin file open error (plugin "zp50_core.amxx")
L 03/21/2025 - 23:44:23: [AMXX] Plugin file open error (plugin "amx_settings_api.amxx")
L 03/21/2025 - 23:44:23: [AMXX] Plugin file open error (plugin "cs_player_models_api.amxx")
L 03/21/2025 - 23:44:23: [AMXX] Plugin file open error (plugin "cs_teams_api.amxx")
L 03/21/2025 - 23:44:23: [AMXX] Plugin file open error (plugin "cs_maxspeed_api.amxx")
L 03/21/2025 - 23:44:23: [AMXX] Plugin file open error (plugin "cs_weap_models_api.amxx")
L 03/21/2025 - 23:44:23: [AMXX] Plugin file open error (plugin "cs_weap_restrict_api.amxx")
L 03/21/2025 - 23:44:23: [AMXX] Plugin file open error (plugin "cs_ham_bots_api.amxx")
L 03/21/2025 - 23:44:23: [AMXX] Plugin file open error (plugin "zp50_class_zombie.amxx")
L 03/21/2025 - 23:44:23: [AMXX] Plugin file open error (plugin "zp50_class_human.amxx")
L 03/21/2025 - 23:44:23: [AMXX] Plugin file open error (plugin "zp50_class_nemesis.amxx")
L 03/21/2025 - 23:44:23: [AMXX] Plugin file open error (plugin "zp50_class_survivor.amxx")
L 03/21/2025 - 23:44:23: [AMXX] Plugin file open error (plugin "zp50_class_zombie_classic.amxx")
L 03/21/2025 - 23:44:23: [AMXX] Plugin file open error (plugin "zp50_class_zombie_raptor.amxx")
L 03/21/2025 - 23:44:23: [AMXX] Plugin file open error (plugin "zp50_class_zombie_light.amxx")
L 03/21/2025 - 23:44:23: [AMXX] Plugin file open error (plugin "zp50_class_zombie_fat.amxx")
L 03/21/2025 - 23:44:23: [AMXX] Plugin file open error (plugin "zp50_class_zombie_leech.amxx")
L 03/21/2025 - 23:44:23: [AMXX] Plugin file open error (plugin "zp50_class_zombie_rage.amxx")
L 03/21/2025 - 23:44:23: [AMXX] Plugin file open error (plugin "zp50_class_human_classic.amxx")
L 03/21/2025 - 23:44:23: [AMXX] Plugin file open error (plugin "zp50_human_armor.amxx")
L 03/21/2025 - 23:44:23: [AMXX] Plugin file open error (plugin "zp50_gamemodes.amxx")
L 03/21/2025 - 23:44:23: [AMXX] Plugin file open error (plugin "zp50_gamemode_infection.amxx")
L 03/21/2025 - 23:44:23: [AMXX] Plugin file open error (plugin "zp50_gamemode_multi.amxx")
L 03/21/2025 - 23:44:23: [AMXX] Plugin file open error (plugin "zp50_gamemode_swarm.amxx")
L 03/21/2025 - 23:44:23: [AMXX] Plugin file open error (plugin "zp50_gamemode_nemesis.amxx")
L 03/21/2025 - 23:44:23: [AMXX] Plugin file open error (plugin "zp50_gamemode_survivor.amxx")
L 03/21/2025 - 23:44:23: [AMXX] Plugin file open error (plugin "zp50_gamemode_plague.amxx")
L 03/21/2025 - 23:44:23: [AMXX] Plugin file open error (plugin "zp50_gamemode_armageddon.amxx")
L 03/21/2025 - 23:44:23: [AMXX] Plugin file open error (plugin "zp50_items.amxx")
L 03/21/2025 - 23:44:23: [AMXX] Plugin file open error (plugin "zp50_items_ammopacks.amxx")
L 03/21/2025 - 23:44:23: [AMXX] Plugin file open error (plugin "zp50_item_weapons.amxx")
L 03/21/2025 - 23:44:23: [AMXX] Plugin file open error (plugin "zp50_item_nightvision.amxx")
L 03/21/2025 - 23:44:23: [AMXX] Plugin file open error (plugin "zp50_item_antidote.amxx")
L 03/21/2025 - 23:44:23: [AMXX] Plugin file open error (plugin "zp50_item_zombie_madness.amxx")
L 03/21/2025 - 23:44:23: [AMXX] Plugin file open error (plugin "zp50_item_infection_bomb.amxx")
L 03/21/2025 - 23:44:23: [AMXX] Plugin file open error (plugin "zp50_admin_commands.amxx")
L 03/21/2025 - 23:44:23: [AMXX] Plugin file open error (plugin "zp50_admin_menu.amxx")
L 03/21/2025 - 23:44:23: [AMXX] Plugin file open error (plugin "zp50_admin_models.amxx")
L 03/21/2025 - 23:44:23: [AMXX] Plugin file open error (plugin "zp50_buy_menus.amxx")
L 03/21/2025 - 23:44:23: [AMXX] Plugin file open error (plugin "zp50_buy_zones.amxx")
L 03/21/2025 - 23:44:24: [AMXX] Plugin file open error (plugin "zp50_rewards_ammopacks.amxx")
L 03/21/2025 - 23:44:24: [AMXX] Plugin file open error (plugin "zp50_rewards_frags_hp.amxx")
L 03/21/2025 - 23:44:24: [AMXX] Plugin file open error (plugin "zp50_deathmatch.amxx")
L 03/21/2025 - 23:44:24: [AMXX] Plugin file open error (plugin "zp50_random_spawn.amxx")
L 03/21/2025 - 23:44:24: [AMXX] Plugin file open error (plugin "zp50_spawn_protection.amxx")
L 03/21/2025 - 23:44:24: [AMXX] Plugin file open error (plugin "zp50_zombie_features.amxx")
L 03/21/2025 - 23:44:24: [AMXX] Plugin file open error (plugin "zp50_zombie_sounds.amxx")
L 03/21/2025 - 23:44:24: [AMXX] Plugin file open error (plugin "zp50_zombie_damage.amxx")
L 03/21/2025 - 23:44:24: [AMXX] Plugin file open error (plugin "zp50_human_ammo.amxx")
L 03/21/2025 - 23:44:24: [AMXX] Plugin file open error (plugin "zp50_flashlight.amxx")
L 03/21/2025 - 23:44:24: [AMXX] Plugin file open error (plugin "zp50_nightvision.amxx")
L 03/21/2025 - 23:44:24: [AMXX] Plugin file open error (plugin "zp50_leap.amxx")
L 03/21/2025 - 23:44:24: [AMXX] Plugin file open error (plugin "zp50_painshockfree.amxx")
L 03/21/2025 - 23:44:24: [AMXX] Plugin file open error (plugin "zp50_knockback.amxx")
L 03/21/2025 - 23:44:24: [AMXX] Plugin file open error (plugin "zp50_weapon_drop_strip.amxx")
L 03/21/2025 - 23:44:24: [AMXX] Plugin file open error (plugin "zp50_effects_infect.amxx")
L 03/21/2025 - 23:44:24: [AMXX] Plugin file open error (plugin "zp50_effects_cure.amxx")
L 03/21/2025 - 23:44:24: [AMXX] Plugin file open error (plugin "zp50_effects_lighting.amxx")
L 03/21/2025 - 23:44:24: [AMXX] Plugin file open error (plugin "zp50_ambience_effects.amxx")
L 03/21/2025 - 23:44:24: [AMXX] Plugin file open error (plugin "zp50_main_menu.amxx")
L 03/21/2025 - 23:44:24: [AMXX] Plugin file open error (plugin "zp50_objective_remover.amxx")
L 03/21/2025 - 23:44:24: [AMXX] Plugin file open error (plugin "zp50_gameplay_fixes.amxx")
L 03/21/2025 - 23:44:24: [AMXX] Plugin file open error (plugin "zp50_team_scoring.amxx")
L 03/21/2025 - 23:44:24: [AMXX] Plugin file open error (plugin "zp50_hud_info.amxx")
L 03/21/2025 - 23:44:24: [AMXX] Plugin file open error (plugin "zp50_serverbrowser_info.amxx")
L 03/21/2025 - 23:44:24: [AMXX] Plugin file open error (plugin "zp50_ammopacks.amxx")
L 03/21/2025 - 23:44:24: [AMXX] Plugin file open error (plugin "zp50_grenade_fire.amxx")
L 03/21/2025 - 23:44:24: [AMXX] Plugin file open error (plugin "zp50_grenade_frost.amxx")
L 03/21/2025 - 23:44:24: [AMXX] Plugin file open error (plugin "zp50_grenade_flare.amxx")
L 03/21/2025 - 23:44:24: [AMXX] Plugin file open error (plugin "zp50_zp43_compat.amxx")
L 03/21/2025 - 23:47:24: Start of error session.
L 03/21/2025 - 23:47:24: Info (map "de_dust") (file "addons/amxmodx/logs/error_20250321.log")
L 03/21/2025 - 23:47:24: [AMXX] Plugin file open error (plugin "zp50_core.amxx")
L 03/21/2025 - 23:47:24: [AMXX] Plugin file open error (plugin "amx_settings_api.amxx")
L 03/21/2025 - 23:47:24: [AMXX] Plugin file open error (plugin "cs_player_models_api.amxx")
L 03/21/2025 - 23:47:24: [AMXX] Plugin file open error (plugin "cs_teams_api.amxx")
L 03/21/2025 - 23:47:24: [AMXX] Plugin file open error (plugin "cs_maxspeed_api.amxx")
L 03/21/2025 - 23:47:24: [AMXX] Plugin file open error (plugin "cs_weap_models_api.amxx")
L 03/21/2025 - 23:47:24: [AMXX] Plugin file open error (plugin "cs_weap_restrict_api.amxx")
L 03/21/2025 - 23:47:24: [AMXX] Plugin file open error (plugin "cs_ham_bots_api.amxx")
L 03/21/2025 - 23:47:24: [AMXX] Plugin file open error (plugin "zp50_class_zombie.amxx")
L 03/21/2025 - 23:47:24: [AMXX] Plugin file open error (plugin "zp50_class_human.amxx")
L 03/21/2025 - 23:47:24: [AMXX] Plugin file open error (plugin "zp50_class_nemesis.amxx")
L 03/21/2025 - 23:47:24: [AMXX] Plugin file open error (plugin "zp50_class_survivor.amxx")
L 03/21/2025 - 23:47:24: [AMXX] Plugin file open error (plugin "zp50_class_zombie_classic.amxx")
L 03/21/2025 - 23:47:24: [AMXX] Plugin file open error (plugin "zp50_class_zombie_raptor.amxx")
L 03/21/2025 - 23:47:24: [AMXX] Plugin file open error (plugin "zp50_class_zombie_light.amxx")
L 03/21/2025 - 23:47:24: [AMXX] Plugin file open error (plugin "zp50_class_zombie_fat.amxx")
L 03/21/2025 - 23:47:24: [AMXX] Plugin file open error (plugin "zp50_class_zombie_leech.amxx")
L 03/21/2025 - 23:47:24: [AMXX] Plugin file open error (plugin "zp50_class_zombie_rage.amxx")
L 03/21/2025 - 23:47:24: [AMXX] Plugin file open error (plugin "zp50_class_human_classic.amxx")
L 03/21/2025 - 23:47:24: [AMXX] Plugin file open error (plugin "zp50_human_armor.amxx")
L 03/21/2025 - 23:47:24: [AMXX] Plugin file open error (plugin "zp50_gamemodes.amxx")
L 03/21/2025 - 23:47:24: [AMXX] Plugin file open error (plugin "zp50_gamemode_infection.amxx")
L 03/21/2025 - 23:47:24: [AMXX] Plugin file open error (plugin "zp50_gamemode_multi.amxx")
L 03/21/2025 - 23:47:24: [AMXX] Plugin file open error (plugin "zp50_gamemode_swarm.amxx")
L 03/21/2025 - 23:47:24: [AMXX] Plugin file open error (plugin "zp50_gamemode_nemesis.amxx")
L 03/21/2025 - 23:47:24: [AMXX] Plugin file open error (plugin "zp50_gamemode_survivor.amxx")
L 03/21/2025 - 23:47:24: [AMXX] Plugin file open error (plugin "zp50_gamemode_plague.amxx")
L 03/21/2025 - 23:47:24: [AMXX] Plugin file open error (plugin "zp50_gamemode_armageddon.amxx")
L 03/21/2025 - 23:47:24: [AMXX] Plugin file open error (plugin "zp50_items.amxx")
L 03/21/2025 - 23:47:24: [AMXX] Plugin file open error (plugin "zp50_items_ammopacks.amxx")
L 03/21/2025 - 23:47:24: [AMXX] Plugin file open error (plugin "zp50_item_weapons.amxx")
L 03/21/2025 - 23:47:24: [AMXX] Plugin file open error (plugin "zp50_item_nightvision.amxx")
L 03/21/2025 - 23:47:24: [AMXX] Plugin file open error (plugin "zp50_item_antidote.amxx")
L 03/21/2025 - 23:47:24: [AMXX] Plugin file open error (plugin "zp50_item_zombie_madness.amxx")
L 03/21/2025 - 23:47:24: [AMXX] Plugin file open error (plugin "zp50_item_infection_bomb.amxx")
L 03/21/2025 - 23:47:24: [AMXX] Plugin file open error (plugin "zp50_admin_commands.amxx")
L 03/21/2025 - 23:47:24: [AMXX] Plugin file open error (plugin "zp50_admin_menu.amxx")
L 03/21/2025 - 23:47:24: [AMXX] Plugin file open error (plugin "zp50_admin_models.amxx")
L 03/21/2025 - 23:47:24: [AMXX] Plugin file open error (plugin "zp50_buy_menus.amxx")
L 03/21/2025 - 23:47:24: [AMXX] Plugin file open error (plugin "zp50_buy_zones.amxx")
L 03/21/2025 - 23:47:24: [AMXX] Plugin file open error (plugin "zp50_rewards_ammopacks.amxx")
L 03/21/2025 - 23:47:24: [AMXX] Plugin file open error (plugin "zp50_rewards_frags_hp.amxx")
L 03/21/2025 - 23:47:24: [AMXX] Plugin file open error (plugin "zp50_deathmatch.amxx")
L 03/21/2025 - 23:47:24: [AMXX] Plugin file open error (plugin "zp50_random_spawn.amxx")
L 03/21/2025 - 23:47:24: [AMXX] Plugin file open error (plugin "zp50_spawn_protection.amxx")
L 03/21/2025 - 23:47:24: [AMXX] Plugin file open error (plugin "zp50_zombie_features.amxx")
L 03/21/2025 - 23:47:24: [AMXX] Plugin file open error (plugin "zp50_zombie_sounds.amxx")
L 03/21/2025 - 23:47:24: [AMXX] Plugin file open error (plugin "zp50_zombie_damage.amxx")
L 03/21/2025 - 23:47:24: [AMXX] Plugin file open error (plugin "zp50_human_ammo.amxx")
L 03/21/2025 - 23:47:24: [AMXX] Plugin file open error (plugin "zp50_flashlight.amxx")
L 03/21/2025 - 23:47:24: [AMXX] Plugin file open error (plugin "zp50_nightvision.amxx")
L 03/21/2025 - 23:47:24: [AMXX] Plugin file open error (plugin "zp50_leap.amxx")
L 03/21/2025 - 23:47:24: [AMXX] Plugin file open error (plugin "zp50_painshockfree.amxx")
L 03/21/2025 - 23:47:24: [AMXX] Plugin file open error (plugin "zp50_knockback.amxx")
L 03/21/2025 - 23:47:24: [AMXX] Plugin file open error (plugin "zp50_weapon_drop_strip.amxx")
L 03/21/2025 - 23:47:24: [AMXX] Plugin file open error (plugin "zp50_effects_infect.amxx")
L 03/21/2025 - 23:47:24: [AMXX] Plugin file open error (plugin "zp50_effects_cure.amxx")
L 03/21/2025 - 23:47:24: [AMXX] Plugin file open error (plugin "zp50_effects_lighting.amxx")
L 03/21/2025 - 23:47:24: [AMXX] Plugin file open error (plugin "zp50_ambience_effects.amxx")
L 03/21/2025 - 23:47:24: [AMXX] Plugin file open error (plugin "zp50_main_menu.amxx")
L 03/21/2025 - 23:47:24: [AMXX] Plugin file open error (plugin "zp50_objective_remover.amxx")
L 03/21/2025 - 23:47:24: [AMXX] Plugin file open error (plugin "zp50_gameplay_fixes.amxx")
L 03/21/2025 - 23:47:24: [AMXX] Plugin file open error (plugin "zp50_team_scoring.amxx")
L 03/21/2025 - 23:47:24: [AMXX] Plugin file open error (plugin "zp50_hud_info.amxx")
L 03/21/2025 - 23:47:24: [AMXX] Plugin file open error (plugin "zp50_serverbrowser_info.amxx")
L 03/21/2025 - 23:47:24: [AMXX] Plugin file open error (plugin "zp50_ammopacks.amxx")
L 03/21/2025 - 23:47:24: [AMXX] Plugin file open error (plugin "zp50_grenade_fire.amxx")
L 03/21/2025 - 23:47:24: [AMXX] Plugin file open error (plugin "zp50_grenade_frost.amxx")
L 03/21/2025 - 23:47:24: [AMXX] Plugin file open error (plugin "zp50_grenade_flare.amxx")
L 03/21/2025 - 23:47:24: [AMXX] Plugin file open error (plugin "zp50_zp43_compat.amxx")
L 03/21/2025 - 23:49:52: Start of error session.
L 03/21/2025 - 23:49:52: Info (map "de_dust") (file "addons/amxmodx/logs/error_20250321.log")
L 03/21/2025 - 23:49:52: [AMXX] Plugin file open error (plugin "zp50_core.amxx")
L 03/21/2025 - 23:49:52: [AMXX] Plugin file open error (plugin "amx_settings_api.amxx")
L 03/21/2025 - 23:49:52: [AMXX] Plugin file open error (plugin "cs_player_models_api.amxx")
L 03/21/2025 - 23:49:52: [AMXX] Plugin file open error (plugin "cs_teams_api.amxx")
L 03/21/2025 - 23:49:52: [AMXX] Plugin file open error (plugin "cs_maxspeed_api.amxx")
L 03/21/2025 - 23:49:52: [AMXX] Plugin file open error (plugin "cs_weap_models_api.amxx")
L 03/21/2025 - 23:49:52: [AMXX] Plugin file open error (plugin "cs_weap_restrict_api.amxx")
L 03/21/2025 - 23:49:52: [AMXX] Plugin file open error (plugin "cs_ham_bots_api.amxx")
L 03/21/2025 - 23:49:52: [AMXX] Plugin file open error (plugin "zp50_class_zombie.amxx")
L 03/21/2025 - 23:49:52: [AMXX] Plugin file open error (plugin "zp50_class_human.amxx")
L 03/21/2025 - 23:49:52: [AMXX] Plugin file open error (plugin "zp50_class_nemesis.amxx")
L 03/21/2025 - 23:49:52: [AMXX] Plugin file open error (plugin "zp50_class_survivor.amxx")
L 03/21/2025 - 23:49:52: [AMXX] Plugin file open error (plugin "zp50_class_zombie_classic.amxx")
L 03/21/2025 - 23:49:52: [AMXX] Plugin file open error (plugin "zp50_class_zombie_raptor.amxx")
L 03/21/2025 - 23:49:52: [AMXX] Plugin file open error (plugin "zp50_class_zombie_light.amxx")
L 03/21/2025 - 23:49:52: [AMXX] Plugin file open error (plugin "zp50_class_zombie_fat.amxx")
L 03/21/2025 - 23:49:52: [AMXX] Plugin file open error (plugin "zp50_class_zombie_leech.amxx")
L 03/21/2025 - 23:49:52: [AMXX] Plugin file open error (plugin "zp50_class_zombie_rage.amxx")
L 03/21/2025 - 23:49:52: [AMXX] Plugin file open error (plugin "zp50_class_human_classic.amxx")
L 03/21/2025 - 23:49:52: [AMXX] Plugin file open error (plugin "zp50_human_armor.amxx")
L 03/21/2025 - 23:49:52: [AMXX] Plugin file open error (plugin "zp50_gamemodes.amxx")
L 03/21/2025 - 23:49:52: [AMXX] Plugin file open error (plugin "zp50_gamemode_infection.amxx")
L 03/21/2025 - 23:49:52: [AMXX] Plugin file open error (plugin "zp50_gamemode_multi.amxx")
L 03/21/2025 - 23:49:52: [AMXX] Plugin file open error (plugin "zp50_gamemode_swarm.amxx")
L 03/21/2025 - 23:49:52: [AMXX] Plugin file open error (plugin "zp50_gamemode_nemesis.amxx")
L 03/21/2025 - 23:49:52: [AMXX] Plugin file open error (plugin "zp50_gamemode_survivor.amxx")
L 03/21/2025 - 23:49:52: [AMXX] Plugin file open error (plugin "zp50_gamemode_plague.amxx")
L 03/21/2025 - 23:49:52: [AMXX] Plugin file open error (plugin "zp50_gamemode_armageddon.amxx")
L 03/21/2025 - 23:49:52: [AMXX] Plugin file open error (plugin "zp50_items.amxx")
L 03/21/2025 - 23:49:52: [AMXX] Plugin file open error (plugin "zp50_items_ammopacks.amxx")
L 03/21/2025 - 23:49:52: [AMXX] Plugin file open error (plugin "zp50_item_weapons.amxx")
L 03/21/2025 - 23:49:52: [AMXX] Plugin file open error (plugin "zp50_item_nightvision.amxx")
L 03/21/2025 - 23:49:52: [AMXX] Plugin file open error (plugin "zp50_item_antidote.amxx")
L 03/21/2025 - 23:49:52: [AMXX] Plugin file open error (plugin "zp50_item_zombie_madness.amxx")
L 03/21/2025 - 23:49:52: [AMXX] Plugin file open error (plugin "zp50_item_infection_bomb.amxx")
L 03/21/2025 - 23:49:52: [AMXX] Plugin file open error (plugin "zp50_admin_commands.amxx")
L 03/21/2025 - 23:49:52: [AMXX] Plugin file open error (plugin "zp50_admin_menu.amxx")
L 03/21/2025 - 23:49:52: [AMXX] Plugin file open error (plugin "zp50_admin_models.amxx")
L 03/21/2025 - 23:49:52: [AMXX] Plugin file open error (plugin "zp50_buy_menus.amxx")
L 03/21/2025 - 23:49:52: [AMXX] Plugin file open error (plugin "zp50_buy_zones.amxx")
L 03/21/2025 - 23:49:52: [AMXX] Plugin file open error (plugin "zp50_rewards_ammopacks.amxx")
L 03/21/2025 - 23:49:52: [AMXX] Plugin file open error (plugin "zp50_rewards_frags_hp.amxx")
L 03/21/2025 - 23:49:52: [AMXX] Plugin file open error (plugin "zp50_deathmatch.amxx")
L 03/21/2025 - 23:49:52: [AMXX] Plugin file open error (plugin "zp50_random_spawn.amxx")
L 03/21/2025 - 23:49:52: [AMXX] Plugin file open error (plugin "zp50_spawn_protection.amxx")
L 03/21/2025 - 23:49:52: [AMXX] Plugin file open error (plugin "zp50_zombie_features.amxx")
L 03/21/2025 - 23:49:52: [AMXX] Plugin file open error (plugin "zp50_zombie_sounds.amxx")
L 03/21/2025 - 23:49:52: [AMXX] Plugin file open error (plugin "zp50_zombie_damage.amxx")
L 03/21/2025 - 23:49:52: [AMXX] Plugin file open error (plugin "zp50_human_ammo.amxx")
L 03/21/2025 - 23:49:52: [AMXX] Plugin file open error (plugin "zp50_flashlight.amxx")
L 03/21/2025 - 23:49:52: [AMXX] Plugin file open error (plugin "zp50_nightvision.amxx")
L 03/21/2025 - 23:49:52: [AMXX] Plugin file open error (plugin "zp50_leap.amxx")
L 03/21/2025 - 23:49:52: [AMXX] Plugin file open error (plugin "zp50_painshockfree.amxx")
L 03/21/2025 - 23:49:52: [AMXX] Plugin file open error (plugin "zp50_knockback.amxx")
L 03/21/2025 - 23:49:52: [AMXX] Plugin file open error (plugin "zp50_weapon_drop_strip.amxx")
L 03/21/2025 - 23:49:52: [AMXX] Plugin file open error (plugin "zp50_effects_infect.amxx")
L 03/21/2025 - 23:49:52: [AMXX] Plugin file open error (plugin "zp50_effects_cure.amxx")
L 03/21/2025 - 23:49:52: [AMXX] Plugin file open error (plugin "zp50_effects_lighting.amxx")
L 03/21/2025 - 23:49:52: [AMXX] Plugin file open error (plugin "zp50_ambience_effects.amxx")
L 03/21/2025 - 23:49:52: [AMXX] Plugin file open error (plugin "zp50_main_menu.amxx")
L 03/21/2025 - 23:49:52: [AMXX] Plugin file open error (plugin "zp50_objective_remover.amxx")
L 03/21/2025 - 23:49:52: [AMXX] Plugin file open error (plugin "zp50_gameplay_fixes.amxx")
L 03/21/2025 - 23:49:52: [AMXX] Plugin file open error (plugin "zp50_team_scoring.amxx")
L 03/21/2025 - 23:49:52: [AMXX] Plugin file open error (plugin "zp50_hud_info.amxx")
L 03/21/2025 - 23:49:52: [AMXX] Plugin file open error (plugin "zp50_serverbrowser_info.amxx")
L 03/21/2025 - 23:49:52: [AMXX] Plugin file open error (plugin "zp50_ammopacks.amxx")
L 03/21/2025 - 23:49:52: [AMXX] Plugin file open error (plugin "zp50_grenade_fire.amxx")
L 03/21/2025 - 23:49:52: [AMXX] Plugin file open error (plugin "zp50_grenade_frost.amxx")
L 03/21/2025 - 23:49:52: [AMXX] Plugin file open error (plugin "zp50_grenade_flare.amxx")
L 03/21/2025 - 23:49:52: [AMXX] Plugin file open error (plugin "zp50_zp43_compat.amxx")
