L 03/18/2025 - 00:02:40: -------- Mapchange to zm_foda --------
L 03/18/2025 - 00:02:46: [admin.amxx] Login: "bernand33<47><STEAM_0:1:600388690><>" became an admin (account "STEAM_0:1:600388690") (access "abcdefghijklmnopqrstuv") (address "loopback")
L 03/18/2025 - 00:02:46: [admin.amxx] Login: "bernand33<47><STEAM_0:1:600388690><>" became an admin (account "STEAM_0:1:600388690") (access "abcdefghijklmnopqrstuv") (address "loopback")
L 03/18/2025 - 00:03:03: -------- Mapchange to dc_d33pwater --------
L 03/18/2025 - 00:03:09: [admin.amxx] Login: "bernand33<48><STEAM_0:1:600388690><>" became an admin (account "STEAM_0:1:600388690") (access "abcdefghijklmnopqrstuv") (address "loopback")
L 03/18/2025 - 00:03:09: [admin.amxx] Login: "bernand33<48><STEAM_0:1:600388690><>" became an admin (account "STEAM_0:1:600388690") (access "abcdefghijklmnopqrstuv") (address "loopback")
L 03/18/2025 - 00:04:30: -------- Mapchange to $2000$ --------
L 03/18/2025 - 00:04:36: [admin.amxx] Login: "bernand33<49><STEAM_0:1:600388690><>" became an admin (account "STEAM_0:1:600388690") (access "abcdefghijklmnopqrstuv") (address "loopback")
L 03/18/2025 - 00:04:36: [admin.amxx] Login: "bernand33<49><STEAM_0:1:600388690><>" became an admin (account "STEAM_0:1:600388690") (access "abcdefghijklmnopqrstuv") (address "loopback")
L 03/18/2025 - 00:07:36: -------- Mapchange to zm_ls_snowman_v3 --------
L 03/18/2025 - 00:07:42: [admin.amxx] Login: "bernand33<50><STEAM_0:1:600388690><>" became an admin (account "STEAM_0:1:600388690") (access "abcdefghijklmnopqrstuv") (address "loopback")
L 03/18/2025 - 00:07:43: [admin.amxx] Login: "bernand33<50><STEAM_0:1:600388690><>" became an admin (account "STEAM_0:1:600388690") (access "abcdefghijklmnopqrstuv") (address "loopback")
L 03/18/2025 - 00:08:17: -------- Mapchange to zm_ls_snowman_v3 --------
L 03/18/2025 - 00:08:23: [admin.amxx] Login: "bernand33<51><STEAM_0:1:600388690><>" became an admin (account "STEAM_0:1:600388690") (access "abcdefghijklmnopqrstuv") (address "loopback")
L 03/18/2025 - 00:08:24: [admin.amxx] Login: "bernand33<51><STEAM_0:1:600388690><>" became an admin (account "STEAM_0:1:600388690") (access "abcdefghijklmnopqrstuv") (address "loopback")
L 03/18/2025 - 00:09:49: -------- Mapchange to de_chateau --------
L 03/18/2025 - 00:09:55: [admin.amxx] Login: "bernand33<52><STEAM_0:1:600388690><>" became an admin (account "STEAM_0:1:600388690") (access "abcdefghijklmnopqrstuv") (address "loopback")
L 03/18/2025 - 00:09:55: [admin.amxx] Login: "bernand33<52><STEAM_0:1:600388690><>" became an admin (account "STEAM_0:1:600388690") (access "abcdefghijklmnopqrstuv") (address "loopback")
L 03/18/2025 - 20:07:56: client_disconnected and client_remove forwards have been disabled - check your gamedata files.
L 03/18/2025 - 20:07:56: Binding/Hooking cvars have been disabled - check your gamedata files.
L 03/18/2025 - 20:07:57: -------- Mapchange to bkz_goldbhop --------
L 03/18/2025 - 20:08:08: [admin.amxx] Login: "bernand33<1><STEAM_0:1:600388690><>" became an admin (account "STEAM_0:1:600388690") (access "abcdefghijklmnopqrstuv") (address "loopback")
L 03/18/2025 - 20:08:10: [admin.amxx] Login: "bernand33<1><STEAM_0:1:600388690><>" became an admin (account "STEAM_0:1:600388690") (access "abcdefghijklmnopqrstuv") (address "loopback")
L 03/18/2025 - 20:08:52: [admincmd.amxx] Cmd: "bernand33<1><STEAM_0:1:600388690><>" server console (cmdline "restart")
L 03/18/2025 - 20:08:52: -------- Mapchange to bkz_goldbhop --------
L 03/18/2025 - 20:08:54: [admin.amxx] Login: "bernand33<2><STEAM_0:1:600388690><>" became an admin (account "STEAM_0:1:600388690") (access "abcdefghijklmnopqrstuv") (address "loopback")
L 03/18/2025 - 20:08:54: [admin.amxx] Login: "bernand33<2><STEAM_0:1:600388690><>" became an admin (account "STEAM_0:1:600388690") (access "abcdefghijklmnopqrstuv") (address "loopback")
L 03/18/2025 - 20:14:37: client_disconnected and client_remove forwards have been disabled - check your gamedata files.
L 03/18/2025 - 20:14:37: Binding/Hooking cvars have been disabled - check your gamedata files.
L 03/18/2025 - 20:14:37: -------- Mapchange to dc_d33pwater --------
L 03/18/2025 - 20:14:43: [admin.amxx] Login: "bernand33<1><STEAM_0:1:600388690><>" became an admin (account "STEAM_0:1:600388690") (access "abcdefghijklmnopqrstuv") (address "loopback")
L 03/18/2025 - 20:14:44: [admin.amxx] Login: "bernand33<1><STEAM_0:1:600388690><>" became an admin (account "STEAM_0:1:600388690") (access "abcdefghijklmnopqrstuv") (address "loopback")
L 03/18/2025 - 20:46:59: -------- Mapchange to dc_d33pwater --------
L 03/18/2025 - 20:47:05: [admin.amxx] Login: "bernand33<2><STEAM_0:1:600388690><>" became an admin (account "STEAM_0:1:600388690") (access "abcdefghijklmnopqrstuv") (address "loopback")
L 03/18/2025 - 20:47:06: [admin.amxx] Login: "bernand33<2><STEAM_0:1:600388690><>" became an admin (account "STEAM_0:1:600388690") (access "abcdefghijklmnopqrstuv") (address "loopback")
