L 03/17/2025 - 14:18:27: client_disconnected and client_remove forwards have been disabled - check your gamedata files.
L 03/17/2025 - 14:18:27: Binding/Hooking cvars have been disabled - check your gamedata files.
L 03/17/2025 - 14:18:27: -------- Mapchange to de_survivor --------
L 03/17/2025 - 14:18:39: -------- Mapchange to cs_havana --------
L 03/17/2025 - 14:18:51: [admin.amxx] Login: "bernand33<1><STEAM_0:1:600388690><>" became an admin (account "STEAM_0:1:600388690") (access "abcdefghijklmnopqrstuv") (address "loopback")
L 03/17/2025 - 14:18:52: [admin.amxx] Login: "bernand33<1><STEAM_0:1:600388690><>" became an admin (account "STEAM_0:1:600388690") (access "abcdefghijklmnopqrstuv") (address "loopback")
L 03/17/2025 - 20:32:36: client_disconnected and client_remove forwards have been disabled - check your gamedata files.
L 03/17/2025 - 20:32:36: Binding/Hooking cvars have been disabled - check your gamedata files.
L 03/17/2025 - 20:32:36: -------- Mapchange to cs_siege --------
L 03/17/2025 - 20:32:59: [admin.amxx] Login: "bernand33<1><STEAM_0:1:600388690><>" became an admin (account "STEAM_0:1:600388690") (access "abcdefghijklmnopqrstuv") (address "loopback")
L 03/17/2025 - 20:33:00: [admin.amxx] Login: "bernand33<1><STEAM_0:1:600388690><>" became an admin (account "STEAM_0:1:600388690") (access "abcdefghijklmnopqrstuv") (address "loopback")
L 03/17/2025 - 20:33:35: [admincmd.amxx] Cmd: "bernand33<1><STEAM_0:1:600388690><>" server console (cmdline "restart")
L 03/17/2025 - 20:33:35: -------- Mapchange to cs_siege --------
L 03/17/2025 - 20:33:35: [admin.amxx] Login: "bernand33<2><STEAM_0:1:600388690><>" became an admin (account "STEAM_0:1:600388690") (access "abcdefghijklmnopqrstuv") (address "loopback")
L 03/17/2025 - 20:33:36: [admin.amxx] Login: "bernand33<2><STEAM_0:1:600388690><>" became an admin (account "STEAM_0:1:600388690") (access "abcdefghijklmnopqrstuv") (address "loopback")
L 03/17/2025 - 20:34:05: [admincmd.amxx] Cmd: "bernand33<2><STEAM_0:1:600388690><>" server console (cmdline "restart")
L 03/17/2025 - 20:34:05: -------- Mapchange to cs_siege --------
L 03/17/2025 - 20:34:05: [admin.amxx] Login: "bernand33<3><STEAM_0:1:600388690><>" became an admin (account "STEAM_0:1:600388690") (access "abcdefghijklmnopqrstuv") (address "loopback")
L 03/17/2025 - 20:34:05: [admin.amxx] Login: "bernand33<3><STEAM_0:1:600388690><>" became an admin (account "STEAM_0:1:600388690") (access "abcdefghijklmnopqrstuv") (address "loopback")
L 03/17/2025 - 20:35:18: [admincmd.amxx] Cmd: "bernand33<3><STEAM_0:1:600388690><>" server console (cmdline "restart")
L 03/17/2025 - 20:35:18: -------- Mapchange to cs_siege --------
L 03/17/2025 - 20:35:19: [admin.amxx] Login: "bernand33<4><STEAM_0:1:600388690><>" became an admin (account "STEAM_0:1:600388690") (access "abcdefghijklmnopqrstuv") (address "loopback")
L 03/17/2025 - 20:35:19: [admin.amxx] Login: "bernand33<4><STEAM_0:1:600388690><>" became an admin (account "STEAM_0:1:600388690") (access "abcdefghijklmnopqrstuv") (address "loopback")
L 03/17/2025 - 20:36:06: [admincmd.amxx] Cmd: "bernand33<4><STEAM_0:1:600388690><>" server console (cmdline "restart")
L 03/17/2025 - 20:36:06: -------- Mapchange to cs_siege --------
L 03/17/2025 - 20:36:06: [admin.amxx] Login: "bernand33<5><STEAM_0:1:600388690><>" became an admin (account "STEAM_0:1:600388690") (access "abcdefghijklmnopqrstuv") (address "loopback")
L 03/17/2025 - 20:36:07: [admin.amxx] Login: "bernand33<5><STEAM_0:1:600388690><>" became an admin (account "STEAM_0:1:600388690") (access "abcdefghijklmnopqrstuv") (address "loopback")
L 03/17/2025 - 20:36:59: -------- Mapchange to dust2_ds --------
L 03/17/2025 - 20:37:16: [admin.amxx] Login: "bernand33<6><STEAM_0:1:600388690><>" became an admin (account "STEAM_0:1:600388690") (access "abcdefghijklmnopqrstuv") (address "loopback")
L 03/17/2025 - 20:37:16: [admin.amxx] Login: "bernand33<6><STEAM_0:1:600388690><>" became an admin (account "STEAM_0:1:600388690") (access "abcdefghijklmnopqrstuv") (address "loopback")
L 03/17/2025 - 20:38:09: [admincmd.amxx] Cmd: "bernand33<6><STEAM_0:1:600388690><>" server console (cmdline "restart")
L 03/17/2025 - 20:38:09: -------- Mapchange to dust2_ds --------
L 03/17/2025 - 20:38:09: [admin.amxx] Login: "bernand33<7><STEAM_0:1:600388690><>" became an admin (account "STEAM_0:1:600388690") (access "abcdefghijklmnopqrstuv") (address "loopback")
L 03/17/2025 - 20:38:09: [admin.amxx] Login: "bernand33<7><STEAM_0:1:600388690><>" became an admin (account "STEAM_0:1:600388690") (access "abcdefghijklmnopqrstuv") (address "loopback")
L 03/17/2025 - 20:38:39: [admincmd.amxx] Cmd: "bernand33<7><STEAM_0:1:600388690><>" server console (cmdline "restart")
L 03/17/2025 - 20:38:40: -------- Mapchange to dust2_ds --------
L 03/17/2025 - 20:38:40: [admin.amxx] Login: "bernand33<8><STEAM_0:1:600388690><>" became an admin (account "STEAM_0:1:600388690") (access "abcdefghijklmnopqrstuv") (address "loopback")
L 03/17/2025 - 20:38:40: [admin.amxx] Login: "bernand33<8><STEAM_0:1:600388690><>" became an admin (account "STEAM_0:1:600388690") (access "abcdefghijklmnopqrstuv") (address "loopback")
L 03/17/2025 - 20:38:53: [admincmd.amxx] Cmd: "bernand33<8><STEAM_0:1:600388690><>" server console (cmdline "restart")
L 03/17/2025 - 20:38:53: -------- Mapchange to dust2_ds --------
L 03/17/2025 - 20:38:53: [admin.amxx] Login: "bernand33<9><STEAM_0:1:600388690><>" became an admin (account "STEAM_0:1:600388690") (access "abcdefghijklmnopqrstuv") (address "loopback")
L 03/17/2025 - 20:38:54: [admin.amxx] Login: "bernand33<9><STEAM_0:1:600388690><>" became an admin (account "STEAM_0:1:600388690") (access "abcdefghijklmnopqrstuv") (address "loopback")
L 03/17/2025 - 20:42:33: [admincmd.amxx] Cmd: "bernand33<9><STEAM_0:1:600388690><>" server console (cmdline "restart")
L 03/17/2025 - 20:42:33: -------- Mapchange to dust2_ds --------
L 03/17/2025 - 20:42:33: [admin.amxx] Login: "bernand33<10><STEAM_0:1:600388690><>" became an admin (account "STEAM_0:1:600388690") (access "abcdefghijklmnopqrstuv") (address "loopback")
L 03/17/2025 - 20:42:33: [admin.amxx] Login: "bernand33<10><STEAM_0:1:600388690><>" became an admin (account "STEAM_0:1:600388690") (access "abcdefghijklmnopqrstuv") (address "loopback")
L 03/17/2025 - 20:43:01: [admincmd.amxx] Cmd: "bernand33<10><STEAM_0:1:600388690><>" server console (cmdline "restart")
L 03/17/2025 - 20:43:01: -------- Mapchange to dust2_ds --------
L 03/17/2025 - 20:43:02: [admin.amxx] Login: "bernand33<11><STEAM_0:1:600388690><>" became an admin (account "STEAM_0:1:600388690") (access "abcdefghijklmnopqrstuv") (address "loopback")
L 03/17/2025 - 20:43:02: [admin.amxx] Login: "bernand33<11><STEAM_0:1:600388690><>" became an admin (account "STEAM_0:1:600388690") (access "abcdefghijklmnopqrstuv") (address "loopback")
L 03/17/2025 - 20:44:14: [admincmd.amxx] Cmd: "bernand33<11><STEAM_0:1:600388690><>" server console (cmdline "restart")
L 03/17/2025 - 20:44:15: -------- Mapchange to dust2_ds --------
L 03/17/2025 - 20:44:15: [admin.amxx] Login: "bernand33<12><STEAM_0:1:600388690><>" became an admin (account "STEAM_0:1:600388690") (access "abcdefghijklmnopqrstuv") (address "loopback")
L 03/17/2025 - 20:44:15: [admin.amxx] Login: "bernand33<12><STEAM_0:1:600388690><>" became an admin (account "STEAM_0:1:600388690") (access "abcdefghijklmnopqrstuv") (address "loopback")
L 03/17/2025 - 20:44:30: [admincmd.amxx] Cmd: "bernand33<12><STEAM_0:1:600388690><>" server console (cmdline "restart")
L 03/17/2025 - 20:44:30: -------- Mapchange to dust2_ds --------
L 03/17/2025 - 20:44:30: [admin.amxx] Login: "bernand33<13><STEAM_0:1:600388690><>" became an admin (account "STEAM_0:1:600388690") (access "abcdefghijklmnopqrstuv") (address "loopback")
L 03/17/2025 - 20:44:30: [admin.amxx] Login: "bernand33<13><STEAM_0:1:600388690><>" became an admin (account "STEAM_0:1:600388690") (access "abcdefghijklmnopqrstuv") (address "loopback")
L 03/17/2025 - 20:46:14: [admincmd.amxx] Cmd: "bernand33<13><STEAM_0:1:600388690><>" server console (cmdline "restart")
L 03/17/2025 - 20:46:14: -------- Mapchange to dust2_ds --------
L 03/17/2025 - 20:46:14: [admin.amxx] Login: "bernand33<14><STEAM_0:1:600388690><>" became an admin (account "STEAM_0:1:600388690") (access "abcdefghijklmnopqrstuv") (address "loopback")
L 03/17/2025 - 20:46:15: [admin.amxx] Login: "bernand33<14><STEAM_0:1:600388690><>" became an admin (account "STEAM_0:1:600388690") (access "abcdefghijklmnopqrstuv") (address "loopback")
L 03/17/2025 - 20:47:56: [admincmd.amxx] Cmd: "bernand33<14><STEAM_0:1:600388690><>" server console (cmdline "restart")
L 03/17/2025 - 20:47:56: -------- Mapchange to dust2_ds --------
L 03/17/2025 - 20:47:56: [admin.amxx] Login: "bernand33<15><STEAM_0:1:600388690><>" became an admin (account "STEAM_0:1:600388690") (access "abcdefghijklmnopqrstuv") (address "loopback")
L 03/17/2025 - 20:47:56: [admin.amxx] Login: "bernand33<15><STEAM_0:1:600388690><>" became an admin (account "STEAM_0:1:600388690") (access "abcdefghijklmnopqrstuv") (address "loopback")
L 03/17/2025 - 20:48:07: [admincmd.amxx] Cmd: "bernand33<15><STEAM_0:1:600388690><>" slay "bernand33<15><STEAM_0:1:600388690><>"
L 03/17/2025 - 20:48:44: [admincmd.amxx] Cmd: "bernand33<15><STEAM_0:1:600388690><>" slay "bernand33<15><STEAM_0:1:600388690><>"
L 03/17/2025 - 20:48:47: [admincmd.amxx] Cmd: "bernand33<15><STEAM_0:1:600388690><>" server console (cmdline "restart")
L 03/17/2025 - 20:48:47: -------- Mapchange to dust2_ds --------
L 03/17/2025 - 20:48:47: [admin.amxx] Login: "bernand33<16><STEAM_0:1:600388690><>" became an admin (account "STEAM_0:1:600388690") (access "abcdefghijklmnopqrstuv") (address "loopback")
L 03/17/2025 - 20:48:48: [admin.amxx] Login: "bernand33<16><STEAM_0:1:600388690><>" became an admin (account "STEAM_0:1:600388690") (access "abcdefghijklmnopqrstuv") (address "loopback")
L 03/17/2025 - 20:48:52: [admincmd.amxx] Cmd: "bernand33<16><STEAM_0:1:600388690><>" slay "bernand33<16><STEAM_0:1:600388690><>"
L 03/17/2025 - 20:49:54: [admincmd.amxx] Cmd: "bernand33<16><STEAM_0:1:600388690><>" slay "bernand33<16><STEAM_0:1:600388690><>"
L 03/17/2025 - 20:49:56: [admincmd.amxx] Cmd: "bernand33<16><STEAM_0:1:600388690><>" server console (cmdline "restart")
L 03/17/2025 - 20:49:56: -------- Mapchange to dust2_ds --------
L 03/17/2025 - 20:49:56: [admin.amxx] Login: "bernand33<17><STEAM_0:1:600388690><>" became an admin (account "STEAM_0:1:600388690") (access "abcdefghijklmnopqrstuv") (address "loopback")
L 03/17/2025 - 20:49:56: [admin.amxx] Login: "bernand33<17><STEAM_0:1:600388690><>" became an admin (account "STEAM_0:1:600388690") (access "abcdefghijklmnopqrstuv") (address "loopback")
L 03/17/2025 - 20:50:01: [admincmd.amxx] Cmd: "bernand33<17><STEAM_0:1:600388690><>" slay "bernand33<17><STEAM_0:1:600388690><>"
L 03/17/2025 - 20:50:28: [admincmd.amxx] Cmd: "bernand33<17><STEAM_0:1:600388690><>" slay "bernand33<17><STEAM_0:1:600388690><>"
L 03/17/2025 - 20:51:19: [admincmd.amxx] Cmd: "bernand33<17><STEAM_0:1:600388690><>" server console (cmdline "restart")
L 03/17/2025 - 20:51:19: -------- Mapchange to dust2_ds --------
L 03/17/2025 - 20:51:19: [admin.amxx] Login: "bernand33<18><STEAM_0:1:600388690><>" became an admin (account "STEAM_0:1:600388690") (access "abcdefghijklmnopqrstuv") (address "loopback")
L 03/17/2025 - 20:51:19: [admin.amxx] Login: "bernand33<18><STEAM_0:1:600388690><>" became an admin (account "STEAM_0:1:600388690") (access "abcdefghijklmnopqrstuv") (address "loopback")
L 03/17/2025 - 20:51:22: [admincmd.amxx] Cmd: "bernand33<18><STEAM_0:1:600388690><>" slay "bernand33<18><STEAM_0:1:600388690><>"
L 03/17/2025 - 20:51:35: [admincmd.amxx] Cmd: "bernand33<18><STEAM_0:1:600388690><>" slay "bernand33<18><STEAM_0:1:600388690><>"
L 03/17/2025 - 20:51:36: [admincmd.amxx] Cmd: "bernand33<18><STEAM_0:1:600388690><>" server console (cmdline "restart")
L 03/17/2025 - 20:51:36: -------- Mapchange to dust2_ds --------
L 03/17/2025 - 20:51:37: [admin.amxx] Login: "bernand33<19><STEAM_0:1:600388690><>" became an admin (account "STEAM_0:1:600388690") (access "abcdefghijklmnopqrstuv") (address "loopback")
L 03/17/2025 - 20:51:37: [admin.amxx] Login: "bernand33<19><STEAM_0:1:600388690><>" became an admin (account "STEAM_0:1:600388690") (access "abcdefghijklmnopqrstuv") (address "loopback")
L 03/17/2025 - 20:51:40: [admincmd.amxx] Cmd: "bernand33<19><STEAM_0:1:600388690><>" slay "bernand33<19><STEAM_0:1:600388690><>"
L 03/17/2025 - 20:51:57: [admincmd.amxx] Cmd: "bernand33<19><STEAM_0:1:600388690><>" slay "bernand33<19><STEAM_0:1:600388690><>"
L 03/17/2025 - 20:51:58: [admincmd.amxx] Cmd: "bernand33<19><STEAM_0:1:600388690><>" server console (cmdline "restart")
L 03/17/2025 - 20:51:58: -------- Mapchange to dust2_ds --------
L 03/17/2025 - 20:51:58: [admin.amxx] Login: "bernand33<20><STEAM_0:1:600388690><>" became an admin (account "STEAM_0:1:600388690") (access "abcdefghijklmnopqrstuv") (address "loopback")
L 03/17/2025 - 20:51:58: [admin.amxx] Login: "bernand33<20><STEAM_0:1:600388690><>" became an admin (account "STEAM_0:1:600388690") (access "abcdefghijklmnopqrstuv") (address "loopback")
L 03/17/2025 - 20:51:59: [admincmd.amxx] Cmd: "bernand33<20><STEAM_0:1:600388690><>" slay "bernand33<20><STEAM_0:1:600388690><>"
L 03/17/2025 - 20:52:13: [admincmd.amxx] Cmd: "bernand33<20><STEAM_0:1:600388690><>" slay "bernand33<20><STEAM_0:1:600388690><>"
L 03/17/2025 - 20:52:13: [admincmd.amxx] Cmd: "bernand33<20><STEAM_0:1:600388690><>" server console (cmdline "restart")
L 03/17/2025 - 20:52:13: -------- Mapchange to dust2_ds --------
L 03/17/2025 - 20:52:14: [admin.amxx] Login: "bernand33<21><STEAM_0:1:600388690><>" became an admin (account "STEAM_0:1:600388690") (access "abcdefghijklmnopqrstuv") (address "loopback")
L 03/17/2025 - 20:52:14: [admin.amxx] Login: "bernand33<21><STEAM_0:1:600388690><>" became an admin (account "STEAM_0:1:600388690") (access "abcdefghijklmnopqrstuv") (address "loopback")
L 03/17/2025 - 20:52:16: [admincmd.amxx] Cmd: "bernand33<21><STEAM_0:1:600388690><>" server console (cmdline "restart")
L 03/17/2025 - 20:52:16: -------- Mapchange to dust2_ds --------
L 03/17/2025 - 20:52:16: [admin.amxx] Login: "bernand33<22><STEAM_0:1:600388690><>" became an admin (account "STEAM_0:1:600388690") (access "abcdefghijklmnopqrstuv") (address "loopback")
L 03/17/2025 - 20:52:16: [admin.amxx] Login: "bernand33<22><STEAM_0:1:600388690><>" became an admin (account "STEAM_0:1:600388690") (access "abcdefghijklmnopqrstuv") (address "loopback")
L 03/17/2025 - 20:52:18: [admincmd.amxx] Cmd: "bernand33<22><STEAM_0:1:600388690><>" slay "bernand33<22><STEAM_0:1:600388690><>"
L 03/17/2025 - 21:09:42: [admincmd.amxx] Cmd: "bernand33<22><STEAM_0:1:600388690><>" slay "bernand33<22><STEAM_0:1:600388690><>"
L 03/17/2025 - 21:09:43: [admincmd.amxx] Cmd: "bernand33<22><STEAM_0:1:600388690><>" server console (cmdline "restart")
L 03/17/2025 - 21:09:43: -------- Mapchange to dust2_ds --------
L 03/17/2025 - 21:09:43: [FAKEMETA] get/set_gamerules_* natives have been disabled because g_pGameRules address could not be found. 
L 03/17/2025 - 21:09:44: [admin.amxx] Login: "bernand33<23><STEAM_0:1:600388690><>" became an admin (account "STEAM_0:1:600388690") (access "abcdefghijklmnopqrstuv") (address "loopback")
L 03/17/2025 - 21:09:44: [admin.amxx] Login: "bernand33<23><STEAM_0:1:600388690><>" became an admin (account "STEAM_0:1:600388690") (access "abcdefghijklmnopqrstuv") (address "loopback")
L 03/17/2025 - 21:10:21: -------- Mapchange to cs_office --------
L 03/17/2025 - 21:10:27: [admin.amxx] Login: "bernand33<24><STEAM_0:1:600388690><>" became an admin (account "STEAM_0:1:600388690") (access "abcdefghijklmnopqrstuv") (address "loopback")
L 03/17/2025 - 21:10:27: [admin.amxx] Login: "bernand33<24><STEAM_0:1:600388690><>" became an admin (account "STEAM_0:1:600388690") (access "abcdefghijklmnopqrstuv") (address "loopback")
L 03/17/2025 - 21:40:39: client_disconnected and client_remove forwards have been disabled - check your gamedata files.
L 03/17/2025 - 21:40:40: Binding/Hooking cvars have been disabled - check your gamedata files.
L 03/17/2025 - 21:40:40: -------- Mapchange to as_oilrig --------
L 03/17/2025 - 21:40:40: [AMXX] Plugin "test.amxx" failed to load: Module/Library Class "dbi" required for plugin.  Check modules.ini.
L 03/17/2025 - 21:40:45: [admin.amxx] Login: "bernand33<1><STEAM_0:1:600388690><>" became an admin (account "STEAM_0:1:600388690") (access "abcdefghijklmnopqrstuv") (address "loopback")
L 03/17/2025 - 21:40:46: [admin.amxx] Login: "bernand33<1><STEAM_0:1:600388690><>" became an admin (account "STEAM_0:1:600388690") (access "abcdefghijklmnopqrstuv") (address "loopback")
L 03/17/2025 - 21:40:53: [admincmd.amxx] Cmd: "bernand33<1><STEAM_0:1:600388690><>" server console (cmdline "restart")
L 03/17/2025 - 21:40:53: -------- Mapchange to as_oilrig --------
L 03/17/2025 - 21:40:53: [AMXX] Plugin "test.amxx" failed to load: Module/Library Class "dbi" required for plugin.  Check modules.ini.
L 03/17/2025 - 21:40:53: [admin.amxx] Login: "bernand33<2><STEAM_0:1:600388690><>" became an admin (account "STEAM_0:1:600388690") (access "abcdefghijklmnopqrstuv") (address "loopback")
L 03/17/2025 - 21:40:53: [admin.amxx] Login: "bernand33<2><STEAM_0:1:600388690><>" became an admin (account "STEAM_0:1:600388690") (access "abcdefghijklmnopqrstuv") (address "loopback")
L 03/17/2025 - 21:42:27: [admincmd.amxx] Cmd: "bernand33<2><STEAM_0:1:600388690><>" server console (cmdline "restart")
L 03/17/2025 - 21:42:27: -------- Mapchange to as_oilrig --------
L 03/17/2025 - 21:42:28: [admin.amxx] Login: "bernand33<3><STEAM_0:1:600388690><>" became an admin (account "STEAM_0:1:600388690") (access "abcdefghijklmnopqrstuv") (address "loopback")
L 03/17/2025 - 21:42:29: [admin.amxx] Login: "bernand33<3><STEAM_0:1:600388690><>" became an admin (account "STEAM_0:1:600388690") (access "abcdefghijklmnopqrstuv") (address "loopback")
L 03/17/2025 - 21:42:38: [admincmd.amxx] Cmd: "bernand33<3><STEAM_0:1:600388690><>" server console (cmdline "restart")
L 03/17/2025 - 21:42:38: -------- Mapchange to as_oilrig --------
L 03/17/2025 - 21:42:38: [admin.amxx] Login: "bernand33<4><STEAM_0:1:600388690><>" became an admin (account "STEAM_0:1:600388690") (access "abcdefghijklmnopqrstuv") (address "loopback")
L 03/17/2025 - 21:42:38: [admin.amxx] Login: "bernand33<4><STEAM_0:1:600388690><>" became an admin (account "STEAM_0:1:600388690") (access "abcdefghijklmnopqrstuv") (address "loopback")
L 03/17/2025 - 21:42:45: [admincmd.amxx] Cmd: "bernand33<4><STEAM_0:1:600388690><>" server console (cmdline "restart")
L 03/17/2025 - 21:42:47: -------- Mapchange to as_oilrig --------
L 03/17/2025 - 21:42:49: [admin.amxx] Login: "bernand33<5><STEAM_0:1:600388690><>" became an admin (account "STEAM_0:1:600388690") (access "abcdefghijklmnopqrstuv") (address "loopback")
L 03/17/2025 - 21:42:50: [admin.amxx] Login: "bernand33<5><STEAM_0:1:600388690><>" became an admin (account "STEAM_0:1:600388690") (access "abcdefghijklmnopqrstuv") (address "loopback")
L 03/17/2025 - 21:51:24: client_disconnected and client_remove forwards have been disabled - check your gamedata files.
L 03/17/2025 - 21:51:24: Binding/Hooking cvars have been disabled - check your gamedata files.
L 03/17/2025 - 21:51:24: -------- Mapchange to cs_747 --------
L 03/17/2025 - 21:51:24: [AMXX] Plugin "test.amxx" failed to load: Plugin uses an unknown function (name "mysql_connect") - check your modules.ini.
L 03/17/2025 - 21:51:42: [admin.amxx] Login: "bernand33<1><STEAM_0:1:600388690><>" became an admin (account "STEAM_0:1:600388690") (access "abcdefghijklmnopqrstuv") (address "loopback")
L 03/17/2025 - 21:51:42: [admin.amxx] Login: "bernand33<1><STEAM_0:1:600388690><>" became an admin (account "STEAM_0:1:600388690") (access "abcdefghijklmnopqrstuv") (address "loopback")
L 03/17/2025 - 21:51:50: [admincmd.amxx] Cmd: "bernand33<1><STEAM_0:1:600388690><>" server console (cmdline "restart")
L 03/17/2025 - 21:51:50: -------- Mapchange to cs_747 --------
L 03/17/2025 - 21:51:50: [AMXX] Plugin "test.amxx" failed to load: Plugin uses an unknown function (name "mysql_connect") - check your modules.ini.
L 03/17/2025 - 21:51:50: [admin.amxx] Login: "bernand33<2><STEAM_0:1:600388690><>" became an admin (account "STEAM_0:1:600388690") (access "abcdefghijklmnopqrstuv") (address "loopback")
L 03/17/2025 - 21:51:50: [admin.amxx] Login: "bernand33<2><STEAM_0:1:600388690><>" became an admin (account "STEAM_0:1:600388690") (access "abcdefghijklmnopqrstuv") (address "loopback")
L 03/17/2025 - 22:05:55: [admincmd.amxx] Cmd: "bernand33<2><STEAM_0:1:600388690><>" server console (cmdline "restart")
L 03/17/2025 - 22:05:55: -------- Mapchange to cs_747 --------
L 03/17/2025 - 22:05:56: [admin.amxx] Login: "bernand33<3><STEAM_0:1:600388690><>" became an admin (account "STEAM_0:1:600388690") (access "abcdefghijklmnopqrstuv") (address "loopback")
L 03/17/2025 - 22:05:56: [admin.amxx] Login: "bernand33<3><STEAM_0:1:600388690><>" became an admin (account "STEAM_0:1:600388690") (access "abcdefghijklmnopqrstuv") (address "loopback")
L 03/17/2025 - 22:06:02: [admincmd.amxx] Cmd: "bernand33<3><STEAM_0:1:600388690><>" server console (cmdline "restart")
L 03/17/2025 - 22:06:02: -------- Mapchange to cs_747 --------
L 03/17/2025 - 22:06:02: [admin.amxx] Login: "bernand33<4><STEAM_0:1:600388690><>" became an admin (account "STEAM_0:1:600388690") (access "abcdefghijklmnopqrstuv") (address "loopback")
L 03/17/2025 - 22:06:02: [admin.amxx] Login: "bernand33<4><STEAM_0:1:600388690><>" became an admin (account "STEAM_0:1:600388690") (access "abcdefghijklmnopqrstuv") (address "loopback")
L 03/17/2025 - 22:07:43: [admincmd.amxx] Cmd: "bernand33<4><STEAM_0:1:600388690><>" server console (cmdline "restart")
L 03/17/2025 - 22:07:43: -------- Mapchange to cs_747 --------
L 03/17/2025 - 22:07:43: [admin.amxx] Login: "bernand33<5><STEAM_0:1:600388690><>" became an admin (account "STEAM_0:1:600388690") (access "abcdefghijklmnopqrstuv") (address "loopback")
L 03/17/2025 - 22:07:44: [admin.amxx] Login: "bernand33<5><STEAM_0:1:600388690><>" became an admin (account "STEAM_0:1:600388690") (access "abcdefghijklmnopqrstuv") (address "loopback")
L 03/17/2025 - 22:07:57: [admincmd.amxx] Cmd: "bernand33<5><STEAM_0:1:600388690><>" server console (cmdline "restart")
L 03/17/2025 - 22:07:57: -------- Mapchange to cs_747 --------
L 03/17/2025 - 22:07:57: [admin.amxx] Login: "bernand33<6><STEAM_0:1:600388690><>" became an admin (account "STEAM_0:1:600388690") (access "abcdefghijklmnopqrstuv") (address "loopback")
L 03/17/2025 - 22:07:57: [admin.amxx] Login: "bernand33<6><STEAM_0:1:600388690><>" became an admin (account "STEAM_0:1:600388690") (access "abcdefghijklmnopqrstuv") (address "loopback")
L 03/17/2025 - 22:08:13: [admincmd.amxx] Cmd: "bernand33<6><STEAM_0:1:600388690><>" server console (cmdline "restart")
L 03/17/2025 - 22:08:13: -------- Mapchange to cs_747 --------
L 03/17/2025 - 22:08:13: [admin.amxx] Login: "bernand33<7><STEAM_0:1:600388690><>" became an admin (account "STEAM_0:1:600388690") (access "abcdefghijklmnopqrstuv") (address "loopback")
L 03/17/2025 - 22:08:13: [admin.amxx] Login: "bernand33<7><STEAM_0:1:600388690><>" became an admin (account "STEAM_0:1:600388690") (access "abcdefghijklmnopqrstuv") (address "loopback")
L 03/17/2025 - 22:28:21: -------- Mapchange to de_cbble --------
L 03/17/2025 - 22:28:21: [admin.amxx] Login: "bernand33<7><STEAM_0:1:600388690><>" became an admin (account "STEAM_0:1:600388690") (access "abcdefghijklmnopqrstuv") (address "loopback")
L 03/17/2025 - 22:28:22: [admin.amxx] Login: "bernand33<7><STEAM_0:1:600388690><>" became an admin (account "STEAM_0:1:600388690") (access "abcdefghijklmnopqrstuv") (address "loopback")
L 03/17/2025 - 22:38:32: [admincmd.amxx] Cmd: "bernand33<7><STEAM_0:1:600388690><>" server console (cmdline "restart")
L 03/17/2025 - 22:38:32: -------- Mapchange to de_cbble --------
L 03/17/2025 - 22:38:33: [admin.amxx] Login: "bernand33<8><STEAM_0:1:600388690><>" became an admin (account "STEAM_0:1:600388690") (access "abcdefghijklmnopqrstuv") (address "loopback")
L 03/17/2025 - 22:38:33: [admin.amxx] Login: "bernand33<8><STEAM_0:1:600388690><>" became an admin (account "STEAM_0:1:600388690") (access "abcdefghijklmnopqrstuv") (address "loopback")
L 03/17/2025 - 22:39:22: [admincmd.amxx] Cmd: "bernand33<8><STEAM_0:1:600388690><>" server console (cmdline "restart")
L 03/17/2025 - 22:39:22: -------- Mapchange to de_cbble --------
L 03/17/2025 - 22:39:22: [admin.amxx] Login: "bernand33<9><STEAM_0:1:600388690><>" became an admin (account "STEAM_0:1:600388690") (access "abcdefghijklmnopqrstuv") (address "loopback")
L 03/17/2025 - 22:39:23: [admin.amxx] Login: "bernand33<9><STEAM_0:1:600388690><>" became an admin (account "STEAM_0:1:600388690") (access "abcdefghijklmnopqrstuv") (address "loopback")
L 03/17/2025 - 22:40:23: [admincmd.amxx] Cmd: "bernand33<9><STEAM_0:1:600388690><>" server console (cmdline "restart")
L 03/17/2025 - 22:40:23: -------- Mapchange to de_cbble --------
L 03/17/2025 - 22:40:23: [admin.amxx] Login: "bernand33<10><STEAM_0:1:600388690><>" became an admin (account "STEAM_0:1:600388690") (access "abcdefghijklmnopqrstuv") (address "loopback")
L 03/17/2025 - 22:40:23: [admin.amxx] Login: "bernand33<10><STEAM_0:1:600388690><>" became an admin (account "STEAM_0:1:600388690") (access "abcdefghijklmnopqrstuv") (address "loopback")
L 03/17/2025 - 22:40:51: [admincmd.amxx] Cmd: "bernand33<10><STEAM_0:1:600388690><>" server console (cmdline "restart")
L 03/17/2025 - 22:40:51: -------- Mapchange to de_cbble --------
L 03/17/2025 - 22:40:51: [admin.amxx] Login: "bernand33<11><STEAM_0:1:600388690><>" became an admin (account "STEAM_0:1:600388690") (access "abcdefghijklmnopqrstuv") (address "loopback")
L 03/17/2025 - 22:40:52: [admin.amxx] Login: "bernand33<11><STEAM_0:1:600388690><>" became an admin (account "STEAM_0:1:600388690") (access "abcdefghijklmnopqrstuv") (address "loopback")
L 03/17/2025 - 22:43:29: [admincmd.amxx] Cmd: "bernand33<11><STEAM_0:1:600388690><>" server console (cmdline "restart")
L 03/17/2025 - 22:43:29: -------- Mapchange to de_cbble --------
L 03/17/2025 - 22:43:29: [admin.amxx] Login: "bernand33<12><STEAM_0:1:600388690><>" became an admin (account "STEAM_0:1:600388690") (access "abcdefghijklmnopqrstuv") (address "loopback")
L 03/17/2025 - 22:43:29: [admin.amxx] Login: "bernand33<12><STEAM_0:1:600388690><>" became an admin (account "STEAM_0:1:600388690") (access "abcdefghijklmnopqrstuv") (address "loopback")
L 03/17/2025 - 22:44:03: [admincmd.amxx] Cmd: "bernand33<12><STEAM_0:1:600388690><>" server console (cmdline "restart")
L 03/17/2025 - 22:44:03: -------- Mapchange to de_cbble --------
L 03/17/2025 - 22:44:03: [admin.amxx] Login: "bernand33<13><STEAM_0:1:600388690><>" became an admin (account "STEAM_0:1:600388690") (access "abcdefghijklmnopqrstuv") (address "loopback")
L 03/17/2025 - 22:44:03: [admin.amxx] Login: "bernand33<13><STEAM_0:1:600388690><>" became an admin (account "STEAM_0:1:600388690") (access "abcdefghijklmnopqrstuv") (address "loopback")
L 03/17/2025 - 22:44:08: [admincmd.amxx] Cmd: "bernand33<13><STEAM_0:1:600388690><>" server console (cmdline "restart")
L 03/17/2025 - 22:44:08: -------- Mapchange to de_cbble --------
L 03/17/2025 - 22:44:08: [admin.amxx] Login: "bernand33<14><STEAM_0:1:600388690><>" became an admin (account "STEAM_0:1:600388690") (access "abcdefghijklmnopqrstuv") (address "loopback")
L 03/17/2025 - 22:44:09: [admin.amxx] Login: "bernand33<14><STEAM_0:1:600388690><>" became an admin (account "STEAM_0:1:600388690") (access "abcdefghijklmnopqrstuv") (address "loopback")
L 03/17/2025 - 22:47:22: [admincmd.amxx] Cmd: "bernand33<14><STEAM_0:1:600388690><>" server console (cmdline "restart")
L 03/17/2025 - 22:47:22: -------- Mapchange to de_cbble --------
L 03/17/2025 - 22:47:22: [admin.amxx] Login: "bernand33<15><STEAM_0:1:600388690><>" became an admin (account "STEAM_0:1:600388690") (access "abcdefghijklmnopqrstuv") (address "loopback")
L 03/17/2025 - 22:47:22: [admin.amxx] Login: "bernand33<15><STEAM_0:1:600388690><>" became an admin (account "STEAM_0:1:600388690") (access "abcdefghijklmnopqrstuv") (address "loopback")
L 03/17/2025 - 22:47:37: [admincmd.amxx] Cmd: "bernand33<15><STEAM_0:1:600388690><>" server console (cmdline "restart")
L 03/17/2025 - 22:47:37: -------- Mapchange to de_cbble --------
L 03/17/2025 - 22:47:38: [admin.amxx] Login: "bernand33<16><STEAM_0:1:600388690><>" became an admin (account "STEAM_0:1:600388690") (access "abcdefghijklmnopqrstuv") (address "loopback")
L 03/17/2025 - 22:47:38: [admin.amxx] Login: "bernand33<16><STEAM_0:1:600388690><>" became an admin (account "STEAM_0:1:600388690") (access "abcdefghijklmnopqrstuv") (address "loopback")
L 03/17/2025 - 22:47:54: [admincmd.amxx] Cmd: "bernand33<16><STEAM_0:1:600388690><>" server console (cmdline "restart")
L 03/17/2025 - 22:47:54: -------- Mapchange to de_cbble --------
L 03/17/2025 - 22:47:54: [admin.amxx] Login: "bernand33<17><STEAM_0:1:600388690><>" became an admin (account "STEAM_0:1:600388690") (access "abcdefghijklmnopqrstuv") (address "loopback")
L 03/17/2025 - 22:47:55: [admin.amxx] Login: "bernand33<17><STEAM_0:1:600388690><>" became an admin (account "STEAM_0:1:600388690") (access "abcdefghijklmnopqrstuv") (address "loopback")
L 03/17/2025 - 22:49:26: [admincmd.amxx] Cmd: "bernand33<17><STEAM_0:1:600388690><>" server console (cmdline "restart")
L 03/17/2025 - 22:49:26: -------- Mapchange to de_cbble --------
L 03/17/2025 - 22:49:27: [admin.amxx] Login: "bernand33<18><STEAM_0:1:600388690><>" became an admin (account "STEAM_0:1:600388690") (access "abcdefghijklmnopqrstuv") (address "loopback")
L 03/17/2025 - 22:49:27: [admin.amxx] Login: "bernand33<18><STEAM_0:1:600388690><>" became an admin (account "STEAM_0:1:600388690") (access "abcdefghijklmnopqrstuv") (address "loopback")
L 03/17/2025 - 22:53:45: [admincmd.amxx] Cmd: "bernand33<18><STEAM_0:1:600388690><>" server console (cmdline "restart")
L 03/17/2025 - 22:53:45: -------- Mapchange to de_cbble --------
L 03/17/2025 - 22:53:45: [admin.amxx] Login: "bernand33<19><STEAM_0:1:600388690><>" became an admin (account "STEAM_0:1:600388690") (access "abcdefghijklmnopqrstuv") (address "loopback")
L 03/17/2025 - 22:53:46: [admin.amxx] Login: "bernand33<19><STEAM_0:1:600388690><>" became an admin (account "STEAM_0:1:600388690") (access "abcdefghijklmnopqrstuv") (address "loopback")
L 03/17/2025 - 22:54:12: [admincmd.amxx] Cmd: "bernand33<19><STEAM_0:1:600388690><>" server console (cmdline "restart")
L 03/17/2025 - 22:54:12: -------- Mapchange to de_cbble --------
L 03/17/2025 - 22:54:12: [admin.amxx] Login: "bernand33<20><STEAM_0:1:600388690><>" became an admin (account "STEAM_0:1:600388690") (access "abcdefghijklmnopqrstuv") (address "loopback")
L 03/17/2025 - 22:54:13: [admin.amxx] Login: "bernand33<20><STEAM_0:1:600388690><>" became an admin (account "STEAM_0:1:600388690") (access "abcdefghijklmnopqrstuv") (address "loopback")
L 03/17/2025 - 22:56:06: [admincmd.amxx] Cmd: "bernand33<20><STEAM_0:1:600388690><>" server console (cmdline "restart")
L 03/17/2025 - 22:56:06: -------- Mapchange to de_cbble --------
L 03/17/2025 - 22:56:06: [admin.amxx] Login: "bernand33<21><STEAM_0:1:600388690><>" became an admin (account "STEAM_0:1:600388690") (access "abcdefghijklmnopqrstuv") (address "loopback")
L 03/17/2025 - 22:56:07: [admin.amxx] Login: "bernand33<21><STEAM_0:1:600388690><>" became an admin (account "STEAM_0:1:600388690") (access "abcdefghijklmnopqrstuv") (address "loopback")
L 03/17/2025 - 22:56:48: [admincmd.amxx] Cmd: "bernand33<21><STEAM_0:1:600388690><>" server console (cmdline "restart")
L 03/17/2025 - 22:56:48: -------- Mapchange to de_cbble --------
L 03/17/2025 - 22:56:48: [admin.amxx] Login: "bernand33<22><STEAM_0:1:600388690><>" became an admin (account "STEAM_0:1:600388690") (access "abcdefghijklmnopqrstuv") (address "loopback")
L 03/17/2025 - 22:56:49: [admin.amxx] Login: "bernand33<22><STEAM_0:1:600388690><>" became an admin (account "STEAM_0:1:600388690") (access "abcdefghijklmnopqrstuv") (address "loopback")
L 03/17/2025 - 22:56:55: [admincmd.amxx] Cmd: "bernand33<22><STEAM_0:1:600388690><>" server console (cmdline "restart")
L 03/17/2025 - 22:56:55: -------- Mapchange to de_cbble --------
L 03/17/2025 - 22:56:56: [admin.amxx] Login: "bernand33<23><STEAM_0:1:600388690><>" became an admin (account "STEAM_0:1:600388690") (access "abcdefghijklmnopqrstuv") (address "loopback")
L 03/17/2025 - 22:56:56: [admin.amxx] Login: "bernand33<23><STEAM_0:1:600388690><>" became an admin (account "STEAM_0:1:600388690") (access "abcdefghijklmnopqrstuv") (address "loopback")
L 03/17/2025 - 23:06:06: [admincmd.amxx] Cmd: "bernand33<23><STEAM_0:1:600388690><>" server console (cmdline "restart")
L 03/17/2025 - 23:06:06: -------- Mapchange to de_cbble --------
L 03/17/2025 - 23:06:07: [admin.amxx] Login: "bernand33<24><STEAM_0:1:600388690><>" became an admin (account "STEAM_0:1:600388690") (access "abcdefghijklmnopqrstuv") (address "loopback")
L 03/17/2025 - 23:06:07: [admin.amxx] Login: "bernand33<24><STEAM_0:1:600388690><>" became an admin (account "STEAM_0:1:600388690") (access "abcdefghijklmnopqrstuv") (address "loopback")
L 03/17/2025 - 23:06:16: [admincmd.amxx] Cmd: "bernand33<24><STEAM_0:1:600388690><>" server console (cmdline "restart")
L 03/17/2025 - 23:06:16: -------- Mapchange to de_cbble --------
L 03/17/2025 - 23:06:16: [admin.amxx] Login: "bernand33<25><STEAM_0:1:600388690><>" became an admin (account "STEAM_0:1:600388690") (access "abcdefghijklmnopqrstuv") (address "loopback")
L 03/17/2025 - 23:06:16: [admin.amxx] Login: "bernand33<25><STEAM_0:1:600388690><>" became an admin (account "STEAM_0:1:600388690") (access "abcdefghijklmnopqrstuv") (address "loopback")
L 03/17/2025 - 23:06:38: [admincmd.amxx] Cmd: "bernand33<25><STEAM_0:1:600388690><>" server console (cmdline "restart")
L 03/17/2025 - 23:06:38: -------- Mapchange to de_cbble --------
L 03/17/2025 - 23:06:38: [admin.amxx] Login: "bernand33<26><STEAM_0:1:600388690><>" became an admin (account "STEAM_0:1:600388690") (access "abcdefghijklmnopqrstuv") (address "loopback")
L 03/17/2025 - 23:06:38: [admin.amxx] Login: "bernand33<26><STEAM_0:1:600388690><>" became an admin (account "STEAM_0:1:600388690") (access "abcdefghijklmnopqrstuv") (address "loopback")
L 03/17/2025 - 23:06:49: [admincmd.amxx] Cmd: "bernand33<26><STEAM_0:1:600388690><>" server console (cmdline "restart")
L 03/17/2025 - 23:06:49: -------- Mapchange to de_cbble --------
L 03/17/2025 - 23:06:49: [admin.amxx] Login: "bernand33<27><STEAM_0:1:600388690><>" became an admin (account "STEAM_0:1:600388690") (access "abcdefghijklmnopqrstuv") (address "loopback")
L 03/17/2025 - 23:06:49: [admin.amxx] Login: "bernand33<27><STEAM_0:1:600388690><>" became an admin (account "STEAM_0:1:600388690") (access "abcdefghijklmnopqrstuv") (address "loopback")
L 03/17/2025 - 23:09:08: [admincmd.amxx] Cmd: "bernand33<27><STEAM_0:1:600388690><>" server console (cmdline "restart")
L 03/17/2025 - 23:09:08: -------- Mapchange to de_cbble --------
L 03/17/2025 - 23:09:08: [admin.amxx] Login: "bernand33<28><STEAM_0:1:600388690><>" became an admin (account "STEAM_0:1:600388690") (access "abcdefghijklmnopqrstuv") (address "loopback")
L 03/17/2025 - 23:09:08: [admin.amxx] Login: "bernand33<28><STEAM_0:1:600388690><>" became an admin (account "STEAM_0:1:600388690") (access "abcdefghijklmnopqrstuv") (address "loopback")
L 03/17/2025 - 23:29:16: -------- Mapchange to cs_italy --------
L 03/17/2025 - 23:29:17: [admin.amxx] Login: "bernand33<28><STEAM_0:1:600388690><>" became an admin (account "STEAM_0:1:600388690") (access "abcdefghijklmnopqrstuv") (address "loopback")
L 03/17/2025 - 23:29:18: [admin.amxx] Login: "bernand33<28><STEAM_0:1:600388690><>" became an admin (account "STEAM_0:1:600388690") (access "abcdefghijklmnopqrstuv") (address "loopback")
L 03/17/2025 - 23:31:22: [admincmd.amxx] Cmd: "bernand33<28><STEAM_0:1:600388690><>" server console (cmdline "restart")
L 03/17/2025 - 23:31:22: -------- Mapchange to cs_italy --------
L 03/17/2025 - 23:31:22: [admin.amxx] Login: "bernand33<29><STEAM_0:1:600388690><>" became an admin (account "STEAM_0:1:600388690") (access "abcdefghijklmnopqrstuv") (address "loopback")
L 03/17/2025 - 23:31:22: [admin.amxx] Login: "bernand33<29><STEAM_0:1:600388690><>" became an admin (account "STEAM_0:1:600388690") (access "abcdefghijklmnopqrstuv") (address "loopback")
L 03/17/2025 - 23:32:34: [admincmd.amxx] Cmd: "bernand33<29><STEAM_0:1:600388690><>" server console (cmdline "restart")
L 03/17/2025 - 23:32:34: -------- Mapchange to cs_italy --------
L 03/17/2025 - 23:32:34: [admin.amxx] Login: "bernand33<30><STEAM_0:1:600388690><>" became an admin (account "STEAM_0:1:600388690") (access "abcdefghijklmnopqrstuv") (address "loopback")
L 03/17/2025 - 23:32:35: [admin.amxx] Login: "bernand33<30><STEAM_0:1:600388690><>" became an admin (account "STEAM_0:1:600388690") (access "abcdefghijklmnopqrstuv") (address "loopback")
L 03/17/2025 - 23:32:41: [admincmd.amxx] Cmd: "bernand33<30><STEAM_0:1:600388690><>" server console (cmdline "restart")
L 03/17/2025 - 23:32:42: -------- Mapchange to cs_italy --------
L 03/17/2025 - 23:32:42: [admin.amxx] Login: "bernand33<31><STEAM_0:1:600388690><>" became an admin (account "STEAM_0:1:600388690") (access "abcdefghijklmnopqrstuv") (address "loopback")
L 03/17/2025 - 23:32:42: [admin.amxx] Login: "bernand33<31><STEAM_0:1:600388690><>" became an admin (account "STEAM_0:1:600388690") (access "abcdefghijklmnopqrstuv") (address "loopback")
L 03/17/2025 - 23:33:25: [admincmd.amxx] Cmd: "bernand33<31><STEAM_0:1:600388690><>" server console (cmdline "restart")
L 03/17/2025 - 23:33:25: -------- Mapchange to cs_italy --------
L 03/17/2025 - 23:33:25: [admin.amxx] Login: "bernand33<32><STEAM_0:1:600388690><>" became an admin (account "STEAM_0:1:600388690") (access "abcdefghijklmnopqrstuv") (address "loopback")
L 03/17/2025 - 23:33:26: [admin.amxx] Login: "bernand33<32><STEAM_0:1:600388690><>" became an admin (account "STEAM_0:1:600388690") (access "abcdefghijklmnopqrstuv") (address "loopback")
L 03/17/2025 - 23:33:49: [admincmd.amxx] Cmd: "bernand33<32><STEAM_0:1:600388690><>" server console (cmdline "restart")
L 03/17/2025 - 23:33:49: -------- Mapchange to cs_italy --------
L 03/17/2025 - 23:33:50: [admin.amxx] Login: "bernand33<33><STEAM_0:1:600388690><>" became an admin (account "STEAM_0:1:600388690") (access "abcdefghijklmnopqrstuv") (address "loopback")
L 03/17/2025 - 23:33:50: [admin.amxx] Login: "bernand33<33><STEAM_0:1:600388690><>" became an admin (account "STEAM_0:1:600388690") (access "abcdefghijklmnopqrstuv") (address "loopback")
L 03/17/2025 - 23:34:00: [admincmd.amxx] Cmd: "bernand33<33><STEAM_0:1:600388690><>" server console (cmdline "restart")
L 03/17/2025 - 23:34:00: -------- Mapchange to cs_italy --------
L 03/17/2025 - 23:34:00: [admin.amxx] Login: "bernand33<34><STEAM_0:1:600388690><>" became an admin (account "STEAM_0:1:600388690") (access "abcdefghijklmnopqrstuv") (address "loopback")
L 03/17/2025 - 23:34:00: [admin.amxx] Login: "bernand33<34><STEAM_0:1:600388690><>" became an admin (account "STEAM_0:1:600388690") (access "abcdefghijklmnopqrstuv") (address "loopback")
L 03/17/2025 - 23:34:31: [admincmd.amxx] Cmd: "bernand33<34><STEAM_0:1:600388690><>" server console (cmdline "restart")
L 03/17/2025 - 23:34:31: -------- Mapchange to cs_italy --------
L 03/17/2025 - 23:34:31: [admin.amxx] Login: "bernand33<35><STEAM_0:1:600388690><>" became an admin (account "STEAM_0:1:600388690") (access "abcdefghijklmnopqrstuv") (address "loopback")
L 03/17/2025 - 23:34:32: [admin.amxx] Login: "bernand33<35><STEAM_0:1:600388690><>" became an admin (account "STEAM_0:1:600388690") (access "abcdefghijklmnopqrstuv") (address "loopback")
L 03/17/2025 - 23:34:38: [admincmd.amxx] Cmd: "bernand33<35><STEAM_0:1:600388690><>" server console (cmdline "restart")
L 03/17/2025 - 23:34:38: -------- Mapchange to cs_italy --------
L 03/17/2025 - 23:34:38: [admin.amxx] Login: "bernand33<36><STEAM_0:1:600388690><>" became an admin (account "STEAM_0:1:600388690") (access "abcdefghijklmnopqrstuv") (address "loopback")
L 03/17/2025 - 23:34:39: [admin.amxx] Login: "bernand33<36><STEAM_0:1:600388690><>" became an admin (account "STEAM_0:1:600388690") (access "abcdefghijklmnopqrstuv") (address "loopback")
L 03/17/2025 - 23:35:51: [admincmd.amxx] Cmd: "bernand33<36><STEAM_0:1:600388690><>" server console (cmdline "restart")
L 03/17/2025 - 23:35:52: -------- Mapchange to cs_italy --------
L 03/17/2025 - 23:35:52: [admin.amxx] Login: "bernand33<37><STEAM_0:1:600388690><>" became an admin (account "STEAM_0:1:600388690") (access "abcdefghijklmnopqrstuv") (address "loopback")
L 03/17/2025 - 23:35:52: [admin.amxx] Login: "bernand33<37><STEAM_0:1:600388690><>" became an admin (account "STEAM_0:1:600388690") (access "abcdefghijklmnopqrstuv") (address "loopback")
L 03/17/2025 - 23:37:25: [admincmd.amxx] Cmd: "bernand33<37><STEAM_0:1:600388690><>" server console (cmdline "restart")
L 03/17/2025 - 23:37:25: -------- Mapchange to cs_italy --------
L 03/17/2025 - 23:37:26: [admin.amxx] Login: "bernand33<38><STEAM_0:1:600388690><>" became an admin (account "STEAM_0:1:600388690") (access "abcdefghijklmnopqrstuv") (address "loopback")
L 03/17/2025 - 23:37:26: [admin.amxx] Login: "bernand33<38><STEAM_0:1:600388690><>" became an admin (account "STEAM_0:1:600388690") (access "abcdefghijklmnopqrstuv") (address "loopback")
L 03/17/2025 - 23:37:36: [admincmd.amxx] Cmd: "bernand33<38><STEAM_0:1:600388690><>" server console (cmdline "restart")
L 03/17/2025 - 23:37:36: -------- Mapchange to cs_italy --------
L 03/17/2025 - 23:37:36: [admin.amxx] Login: "bernand33<39><STEAM_0:1:600388690><>" became an admin (account "STEAM_0:1:600388690") (access "abcdefghijklmnopqrstuv") (address "loopback")
L 03/17/2025 - 23:37:37: [admin.amxx] Login: "bernand33<39><STEAM_0:1:600388690><>" became an admin (account "STEAM_0:1:600388690") (access "abcdefghijklmnopqrstuv") (address "loopback")
L 03/17/2025 - 23:39:52: [admincmd.amxx] Cmd: "bernand33<39><STEAM_0:1:600388690><>" server console (cmdline "restart")
L 03/17/2025 - 23:39:52: -------- Mapchange to cs_italy --------
L 03/17/2025 - 23:39:52: [admin.amxx] Login: "bernand33<40><STEAM_0:1:600388690><>" became an admin (account "STEAM_0:1:600388690") (access "abcdefghijklmnopqrstuv") (address "loopback")
L 03/17/2025 - 23:39:52: [admin.amxx] Login: "bernand33<40><STEAM_0:1:600388690><>" became an admin (account "STEAM_0:1:600388690") (access "abcdefghijklmnopqrstuv") (address "loopback")
L 03/17/2025 - 23:40:09: [admincmd.amxx] Cmd: "bernand33<40><STEAM_0:1:600388690><>" server console (cmdline "restart")
L 03/17/2025 - 23:40:09: -------- Mapchange to cs_italy --------
L 03/17/2025 - 23:40:09: [admin.amxx] Login: "bernand33<41><STEAM_0:1:600388690><>" became an admin (account "STEAM_0:1:600388690") (access "abcdefghijklmnopqrstuv") (address "loopback")
L 03/17/2025 - 23:40:09: [admin.amxx] Login: "bernand33<41><STEAM_0:1:600388690><>" became an admin (account "STEAM_0:1:600388690") (access "abcdefghijklmnopqrstuv") (address "loopback")
L 03/17/2025 - 23:44:35: [admincmd.amxx] Cmd: "bernand33<41><STEAM_0:1:600388690><>" server console (cmdline "restart")
L 03/17/2025 - 23:44:35: -------- Mapchange to cs_italy --------
L 03/17/2025 - 23:44:35: [admin.amxx] Login: "bernand33<42><STEAM_0:1:600388690><>" became an admin (account "STEAM_0:1:600388690") (access "abcdefghijklmnopqrstuv") (address "loopback")
L 03/17/2025 - 23:44:35: [admin.amxx] Login: "bernand33<42><STEAM_0:1:600388690><>" became an admin (account "STEAM_0:1:600388690") (access "abcdefghijklmnopqrstuv") (address "loopback")
L 03/17/2025 - 23:46:41: [admincmd.amxx] Cmd: "bernand33<42><STEAM_0:1:600388690><>" server console (cmdline "restart")
L 03/17/2025 - 23:46:41: -------- Mapchange to cs_italy --------
L 03/17/2025 - 23:46:41: [admin.amxx] Login: "bernand33<43><STEAM_0:1:600388690><>" became an admin (account "STEAM_0:1:600388690") (access "abcdefghijklmnopqrstuv") (address "loopback")
L 03/17/2025 - 23:46:42: [admin.amxx] Login: "bernand33<43><STEAM_0:1:600388690><>" became an admin (account "STEAM_0:1:600388690") (access "abcdefghijklmnopqrstuv") (address "loopback")
L 03/17/2025 - 23:47:26: [admincmd.amxx] Cmd: "bernand33<43><STEAM_0:1:600388690><>" server console (cmdline "restart")
L 03/17/2025 - 23:47:26: -------- Mapchange to cs_italy --------
L 03/17/2025 - 23:47:26: [admin.amxx] Login: "bernand33<44><STEAM_0:1:600388690><>" became an admin (account "STEAM_0:1:600388690") (access "abcdefghijklmnopqrstuv") (address "loopback")
L 03/17/2025 - 23:47:26: [admin.amxx] Login: "bernand33<44><STEAM_0:1:600388690><>" became an admin (account "STEAM_0:1:600388690") (access "abcdefghijklmnopqrstuv") (address "loopback")
L 03/17/2025 - 23:48:44: [admincmd.amxx] Cmd: "bernand33<44><STEAM_0:1:600388690><>" server console (cmdline "restart")
L 03/17/2025 - 23:48:44: -------- Mapchange to cs_italy --------
L 03/17/2025 - 23:48:44: [admin.amxx] Login: "bernand33<45><STEAM_0:1:600388690><>" became an admin (account "STEAM_0:1:600388690") (access "abcdefghijklmnopqrstuv") (address "loopback")
L 03/17/2025 - 23:48:44: [admin.amxx] Login: "bernand33<45><STEAM_0:1:600388690><>" became an admin (account "STEAM_0:1:600388690") (access "abcdefghijklmnopqrstuv") (address "loopback")
L 03/17/2025 - 23:52:10: [admincmd.amxx] Cmd: "bernand33<45><STEAM_0:1:600388690><>" server console (cmdline "restart")
L 03/17/2025 - 23:52:10: -------- Mapchange to cs_italy --------
L 03/17/2025 - 23:52:10: [admin.amxx] Login: "bernand33<46><STEAM_0:1:600388690><>" became an admin (account "STEAM_0:1:600388690") (access "abcdefghijklmnopqrstuv") (address "loopback")
L 03/17/2025 - 23:52:10: [admin.amxx] Login: "bernand33<46><STEAM_0:1:600388690><>" became an admin (account "STEAM_0:1:600388690") (access "abcdefghijklmnopqrstuv") (address "loopback")
L 03/17/2025 - 23:52:30: [admincmd.amxx] Cmd: "bernand33<46><STEAM_0:1:600388690><>" slay "bernand33<46><STEAM_0:1:600388690><>"
