L 19/03/2025 - 21:29:07: (map "de_dust") Unable to initialize Steam.
L 19/03/2025 - 23:18:10: (map "(null)") NET_OpenIP: Couldn't allocate dedicated server IP port 27015.
L 19/03/2025 - 23:18:18: (map "(null)") NET_OpenIP: Couldn't allocate dedicated server IP port 27015.
L 19/03/2025 - 23:18:40: (map "(null)") NET_OpenIP: Couldn't allocate dedicated server IP port 27015.
L 19/03/2025 - 23:19:08: (map "(null)") NET_OpenIP: Couldn't allocate dedicated server IP port 27015.
L 19/03/2025 - 23:19:26: (map "(null)") NET_OpenIP: Couldn't allocate dedicated server IP port 27015.
L 19/03/2025 - 23:21:45: (map "(null)") NET_OpenIP: Couldn't allocate dedicated server IP port 27015.
L 19/03/2025 - 23:22:05: (map "(null)") NET_OpenIP: Couldn't allocate dedicated server IP port 27015.
L 19/03/2025 - 23:22:13: (map "(null)") NET_OpenIP: Couldn't allocate dedicated server IP port 27015.
L 19/03/2025 - 23:22:27: (map "(null)") NET_OpenIP: Couldn't allocate dedicated server IP port 27015.
L 19/03/2025 - 23:22:33: (map "(null)") NET_OpenIP: Couldn't allocate dedicated server IP port 27015.
L 19/03/2025 - 23:34:21: (map "(null)") NET_OpenIP: Couldn't allocate dedicated server IP port 27015.
L 19/03/2025 - 23:40:59: (map "(null)") NET_OpenIP: Couldn't allocate dedicated server IP port 27015.
L 19/03/2025 - 23:41:15: (map "(null)") NET_OpenIP: Couldn't allocate dedicated server IP port 27015.
L 19/03/2025 - 23:41:28: (map "(null)") NET_OpenIP: Couldn't allocate dedicated server IP port 27015.
L 20/03/2025 - 19:51:08: (map "(null)") NET_OpenIP: Couldn't allocate dedicated server IP port 27015.
L 20/03/2025 - 19:51:24: (map "(null)") NET_OpenIP: Couldn't allocate dedicated server IP port 27015.
L 21/03/2025 - 23:51:09: (map "de_dust") Mod_LoadModel: models/zombie_plague/v_knife_zombie.mdl not found
L 22/03/2025 - 00:54:50: (map "de_dust") Mod_LoadModel: models/v_knife.mdl has been modified since starting the engine.  Consider running system diagnostics to check for faulty hardware.

L 22/03/2025 - 00:55:31: (map "de_dust") Mod_LoadModel: models/v_knife.mdl not found
L 22/03/2025 - 00:55:46: (map "de_dust") Mod_LoadModel: models/v_knife.mdl not found
L 23/03/2025 - 23:46:40: (map "de_dust") Mod_LoadModel: models/zombie_plague/v_knife.mdl not found
L 24/03/2025 - 23:55:14: (map "de_dust") Mod_LoadModel: models/player/models/zombie_plague/alienclaws/models/zombie_pla not found
L 24/03/2025 - 23:55:59: (map "de_dust") Mod_LoadModel: models/player/alien_44/alien_44.mdl not found
L 24/03/2025 - 23:56:42: (map "de_dust") Mod_LoadModel: models/player/alien_44/alien_44.mdl not found
L 24/03/2025 - 23:58:10: (map "de_dust") Mod_LoadModel: models/player/nemesis/alien_44/nemesis/alien_44.mdl not found
L 24/03/2025 - 23:59:04: (map "de_dust") Mod_LoadModel: models/player/nemesis/nemesis.mdl not found
L 24/03/2025 - 23:59:16: (map "de_dust") Mod_LoadModel: models/player/alien_44/alien_44.mdl not found
L 25/03/2025 - 22:23:44: (map "de_dust") Mod_LoadModel: models/player/survivo/survivo.mdl not found
L 25/03/2025 - 22:35:58: (map "de_dust") Mod_LoadModel: models/v_m249.mdl, models/v_m4a1.mdl not found
L 25/03/2025 - 22:36:29: (map "de_dust") Mod_LoadModel: models/v_m249.mdl , models/v_m4a1.mdl not found
L 25/03/2025 - 22:39:33: (map "de_dust") Mod_LoadModel: models/v_m249.mdl , models/v_m4a1.m not found
L 27/03/2025 - 21:03:26: (map "de_dust") Mod_LoadModel: models/v_xm1014.mdl not found
L 27/03/2025 - 22:23:44: (map "de_inferno") Mod_LoadModel: models/parachute.mdl has been modified since starting the engine.  Consider running system diagnostics to check for faulty hardware.

L 27/03/2025 - 22:32:37: (map "de_dust") Mod_LoadModel: models/parachute/parachute.mdl not found
L 27/03/2025 - 22:32:43: (map "(null)") NET_OpenIP: Couldn't allocate dedicated server IP port 27015.
L 29/03/2025 - 22:41:01: (map "de_dust") Mod_LoadModel: models/player/vip/vip.mdl has been modified since starting the engine.  Consider running system diagnostics to check for faulty hardware.

L 29/03/2025 - 22:43:33: (map "de_dust") Mod_LoadModel: models/player/models/player/z_out_raptor/z_ou/models/player/z_o not found
L 31/03/2025 - 22:30:13: (map "de_dust") Mod_LoadModel: sprites/frostgib.spr has been modified since starting the engine.  Consider running system diagnostics to check for faulty hardware.

L 31/03/2025 - 22:30:23: (map "de_dust") Mod_LoadBrushModel_internal: sprites/frostgib.spr has wrong version number (963140162 should be 30)
L 01/04/2025 - 22:33:07: (map "(null)") NET_OpenIP: Couldn't allocate dedicated server IP port 27015.
L 01/04/2025 - 23:25:46: (map "de_dust") PF_WriteByte_I: called with no active message

L 01/04/2025 - 23:26:30: (map "de_dust") PF_MessageBegin_I: New message started when msg '23' has not been sent yet
L 01/04/2025 - 23:27:50: (map "de_dust") PF_MessageBegin_I: New message started when msg '23' has not been sent yet
L 01/04/2025 - 23:29:30: (map "de_dust") PF_MessageBegin_I: New message started when msg '23' has not been sent yet
